C:/Users/junseok/Desktop/formula_dashboard/Drivers/BSP/Components/otm8009a/otm8009a.c:459:9:OTM8009A_DeInit	0	static
C:/Users/junseok/Desktop/formula_dashboard/Drivers/BSP/Components/otm8009a/otm8009a.c:517:9:OTM8009A_GetBrightness	0	static
C:/Users/junseok/Desktop/formula_dashboard/Drivers/BSP/Components/otm8009a/otm8009a.c:616:9:OTM8009A_GetOrientation	0	static
C:/Users/junseok/Desktop/formula_dashboard/Drivers/BSP/Components/otm8009a/otm8009a.c:632:9:OTM8009A_GetXSize	0	static
C:/Users/junseok/Desktop/formula_dashboard/Drivers/BSP/Components/otm8009a/otm8009a.c:659:9:OTM8009A_GetYSize	0	static
C:/Users/junseok/Desktop/formula_dashboard/Drivers/BSP/Components/otm8009a/otm8009a.c:687:9:OTM8009A_SetCursor	0	static
C:/Users/junseok/Desktop/formula_dashboard/Drivers/BSP/Components/otm8009a/otm8009a.c:703:9:OTM8009A_DrawBitmap	0	static
C:/Users/junseok/Desktop/formula_dashboard/Drivers/BSP/Components/otm8009a/otm8009a.c:711:9:OTM8009A_FillRGBRect	0	static
C:/Users/junseok/Desktop/formula_dashboard/Drivers/BSP/Components/otm8009a/otm8009a.c:727:9:OTM8009A_DrawHLine	0	static
C:/Users/junseok/Desktop/formula_dashboard/Drivers/BSP/Components/otm8009a/otm8009a.c:762:9:OTM8009A_FillRect	0	static
C:/Users/junseok/Desktop/formula_dashboard/Drivers/BSP/Components/otm8009a/otm8009a.c:794:9:OTM8009A_SetPixel	0	static
C:/Users/junseok/Desktop/formula_dashboard/Drivers/BSP/Components/otm8009a/otm8009a.c:817:16:OTM8009A_ReadRegWrap	4	static
C:/Users/junseok/Desktop/formula_dashboard/Drivers/BSP/Components/otm8009a/otm8009a.c:832:16:OTM8009A_WriteRegWrap	4	static
C:/Users/junseok/Desktop/formula_dashboard/Drivers/BSP/Components/otm8009a/otm8009a.c:492:9:OTM8009A_SetBrightness	16	static
C:/Users/junseok/Desktop/formula_dashboard/Drivers/BSP/Components/otm8009a/otm8009a.c:528:9:OTM8009A_DisplayOn	16	static
C:/Users/junseok/Desktop/formula_dashboard/Drivers/BSP/Components/otm8009a/otm8009a.c:551:9:OTM8009A_DisplayOff	16	static
C:/Users/junseok/Desktop/formula_dashboard/Drivers/BSP/Components/otm8009a/otm8009a.c:575:9:OTM8009A_SetOrientation	32	static
C:/Users/junseok/Desktop/formula_dashboard/Drivers/BSP/Components/otm8009a/otm8009a.c:470:9:OTM8009A_ReadID	8	static
C:/Users/junseok/Desktop/formula_dashboard/Drivers/BSP/Components/otm8009a/otm8009a.c:744:9:OTM8009A_DrawVLine	0	static
C:/Users/junseok/Desktop/formula_dashboard/Drivers/BSP/Components/otm8009a/otm8009a.c:778:9:OTM8009A_GetPixel	0	static
C:/Users/junseok/Desktop/formula_dashboard/Drivers/BSP/Components/otm8009a/otm8009a.c:843:16:OTM8009A_IO_Delay.isra	16	static
C:/Users/junseok/Desktop/formula_dashboard/Drivers/BSP/Components/otm8009a/otm8009a.c:157:9:OTM8009A_Init	32	static
C:/Users/junseok/Desktop/formula_dashboard/Drivers/BSP/Components/otm8009a/otm8009a.c:127:9:OTM8009A_RegisterBusIO	0	static
