../../CM7/../../CM7/Middlewares/ST/touchgfx/framework/include/touchgfx/hal/HAL.hpp:124:18:virtual void touchgfx::HAL::setDisplayOrientation(touchgfx::DisplayOrientation)	0	static
../../CM7/../../CM7/Middlewares/ST/touchgfx/framework/include/touchgfx/hal/HAL.hpp:670:18:virtual bool touchgfx::HAL::sampleKey(uint8_t&)	0	static
../../CM7/../../CM7/Middlewares/ST/touchgfx/framework/include/touchgfx/hal/HAL.hpp:737:18:virtual void touchgfx::HAL::setAnimationStorage(void*)	0	static
../../CM7/../../CM7/Middlewares/ST/touchgfx/framework/include/touchgfx/hal/HAL.hpp:876:30:virtual touchgfx::FlashDataReader* touchgfx::HAL::getFlashDataReader() const	0	static
../../CM7/../../CM7/Middlewares/ST/touchgfx/framework/include/touchgfx/hal/HAL.hpp:1025:18:virtual void touchgfx::HAL::taskDelay(uint16_t)	0	static
../../CM7/../../CM7/Middlewares/ST/touchgfx/framework/include/touchgfx/hal/HAL.hpp:1052:22:virtual uint16_t touchgfx::HAL::getTFTCurrentLine()	0	static
../../CM7/../../CM7/Middlewares/ST/touchgfx/framework/include/touchgfx/hal/HAL.hpp:1063:21:virtual touchgfx::DMAType touchgfx::HAL::getDMAType()	0	static
C:/Users/junseok/Desktop/formula_dashboard/CM7/TouchGFX/target/TouchGFXHAL.cpp:162:11:virtual uint16_t* TouchGFXHAL::getTFTFrameBuffer() const	0	static
../../../CM7/TouchGFX/target/TouchGFXHAL.hpp:36:7:TouchGFXHAL::~TouchGFXHAL()	0	static
C:/Users/junseok/Desktop/formula_dashboard/CM7/TouchGFX/target/TouchGFXHAL.cpp:198:6:virtual void TouchGFXHAL::flushFrameBuffer(const touchgfx::Rect&)	0	static
C:/Users/junseok/Desktop/formula_dashboard/CM7/TouchGFX/target/TouchGFXHAL.cpp:216:6:virtual void TouchGFXHAL::configureInterrupts()	0	static
C:/Users/junseok/Desktop/formula_dashboard/CM7/TouchGFX/target/TouchGFXHAL.cpp:231:6:virtual void TouchGFXHAL::enableInterrupts()	0	static
C:/Users/junseok/Desktop/formula_dashboard/CM7/TouchGFX/target/TouchGFXHAL.cpp:246:6:virtual void TouchGFXHAL::disableInterrupts()	0	static
C:/Users/junseok/Desktop/formula_dashboard/CM7/TouchGFX/target/TouchGFXHAL.cpp:293:6:virtual void TouchGFXHAL::endFrame()	8	static
C:/Users/junseok/Desktop/formula_dashboard/CM7/TouchGFX/target/TouchGFXHAL.cpp:179:6:virtual void TouchGFXHAL::setTFTFrameBuffer(uint16_t*)	0	static
../../CM7/../../CM7/Middlewares/ST/touchgfx/framework/include/touchgfx/hal/HAL.hpp:638:18:virtual void touchgfx::HAL::backPorchExited()	8	static
../../../CM7/TouchGFX/target/generated/TouchGFXGeneratedHAL.hpp:119:18:virtual void TouchGFXGeneratedHAL::unlockFrameBuffer()	8	static
../../../CM7/TouchGFX/target/TouchGFXHAL.hpp:109:18:virtual void TouchGFXHAL::flushFrameBuffer()	0	static
../../../CM7/TouchGFX/target/TouchGFXHAL.hpp:36:7:virtual TouchGFXHAL::~TouchGFXHAL()	8	static
C:/Users/junseok/Desktop/formula_dashboard/CM7/TouchGFX/target/TouchGFXHAL.cpp:287:6:virtual bool TouchGFXHAL::beginFrame()	0	static
C:/Users/junseok/Desktop/formula_dashboard/CM7/TouchGFX/target/TouchGFXHAL.cpp:106:6:virtual void TouchGFXHAL::initialize()	16	static
C:/Users/junseok/Desktop/formula_dashboard/CM7/TouchGFX/target/TouchGFXHAL.cpp:129:6:virtual void TouchGFXHAL::taskEntry()	16	static
../../CM7/../../CM7/Middlewares/ST/touchgfx/framework/include/touchgfx/hal/HAL.hpp:1162:18:virtual void touchgfx::HAL::performDisplayOrientationChange()	8	static
../../CM7/../../CM7/Middlewares/ST/touchgfx/framework/include/touchgfx/hal/HAL.hpp:156:18:virtual void touchgfx::HAL::setFrameBufferSize(uint16_t, uint16_t)	8	static
../../CM7/../../CM7/Middlewares/ST/touchgfx/framework/include/touchgfx/hal/HAL.hpp:320:28:virtual touchgfx::BlitOperations touchgfx::HAL::getBlitCaps()	0	static
C:/Users/junseok/Desktop/formula_dashboard/CM7/TouchGFX/target/TouchGFXHAL.cpp:281:6:virtual void TouchGFXHAL::setFrameBufferStartAddresses(void*, void*, void*)	16	static
C:/Users/junseok/Desktop/formula_dashboard/CM7/TouchGFX/target/TouchGFXHAL.cpp:92:1:TouchGFXHAL::TouchGFXHAL(touchgfx::DMA_Interface&, touchgfx::LCD&, touchgfx::TouchController&, uint16_t, uint16_t)	16	static
C:/Users/junseok/Desktop/formula_dashboard/CM7/TouchGFX/target/TouchGFXHAL.cpp:315:13:int32_t DSI_IO_Write(uint16_t, uint16_t, uint8_t*, uint16_t)	16	static
C:/Users/junseok/Desktop/formula_dashboard/CM7/TouchGFX/target/TouchGFXHAL.cpp:345:13:int32_t DSI_IO_Read(uint16_t, uint16_t, uint8_t*, uint16_t)	24	static
C:/Users/junseok/Desktop/formula_dashboard/CM7/TouchGFX/target/TouchGFXHAL.cpp:360:10:void LCD_ReqTear()	24	static
C:/Users/junseok/Desktop/formula_dashboard/CM7/TouchGFX/target/TouchGFXHAL.cpp:262:6:virtual void TouchGFXHAL::enableLCDControllerInterrupt()	8	static
C:/Users/junseok/Desktop/formula_dashboard/CM7/TouchGFX/target/TouchGFXHAL.cpp:375:10:void LCD_ReqEnable()	16	static
C:/Users/junseok/Desktop/formula_dashboard/CM7/TouchGFX/target/TouchGFXHAL.cpp:393:10:void LCD_SetUpdateRegion(int)	16	static
C:/Users/junseok/Desktop/formula_dashboard/CM7/TouchGFX/target/TouchGFXHAL.cpp:398:10:void LCD_SetUpdateRegionLeft()	16	static
C:/Users/junseok/Desktop/formula_dashboard/CM7/TouchGFX/target/TouchGFXHAL.cpp:403:10:void LCD_SetUpdateRegionRight()	16	static
C:/Users/junseok/Desktop/formula_dashboard/CM7/TouchGFX/target/TouchGFXHAL.cpp:408:10:void LCD_SetBrightness(int)	16	static
C:/Users/junseok/Desktop/formula_dashboard/CM7/TouchGFX/target/TouchGFXHAL.cpp:415:10:void HAL_DSI_TearingEffectCallback(DSI_HandleTypeDef*)	16	static
C:/Users/junseok/Desktop/formula_dashboard/CM7/TouchGFX/target/TouchGFXHAL.cpp:443:10:void HAL_DSI_EndOfRefreshCallback(DSI_HandleTypeDef*)	48	static
C:/Users/junseok/Desktop/formula_dashboard/CM7/TouchGFX/target/TouchGFXHAL.cpp:497:19:long int IdleTaskHook(void*)	8	static
C:/Users/junseok/Desktop/formula_dashboard/CM7/TouchGFX/target/TouchGFXHAL.cpp:510:1:cpp)	0	static
