C:/Users/junseok/Desktop/formula_dashboard/CM7/TouchGFX/gui/src/model/Model.cpp:18:7:long int map(long int, long int, long int, long int, long int)	12	static
C:/Users/junseok/Desktop/formula_dashboard/CM7/TouchGFX/gui/src/model/Model.cpp:38:1:Model::Model()	0	static
C:/Users/junseok/Desktop/formula_dashboard/CM7/TouchGFX/gui/src/model/Model.cpp:139:5:int get_Oiltemp()	8	static
C:/Users/junseok/Desktop/formula_dashboard/CM7/TouchGFX/gui/src/model/Model.cpp:154:5:int get_Watertemp()	8	static
C:/Users/junseok/Desktop/formula_dashboard/CM7/TouchGFX/gui/src/model/Model.cpp:67:6:void Model::tick()	32	static
