../../CM7/../../CM7/TouchGFX/gui/include/gui/screen1_screen/Screen1Presenter.hpp:28:13:Screen1Presenter::~Screen1Presenter()	0	static
C:/Users/junseok/Desktop/formula_dashboard/CM7/TouchGFX/gui/src/screen1_screen/Screen1Presenter.cpp:10:6:virtual void Screen1Presenter::activate()	0	static
C:/Users/junseok/Desktop/formula_dashboard/CM7/TouchGFX/gui/src/screen1_screen/Screen1Presenter.cpp:20:6:virtual void Screen1Presenter::setGears(int)	0	static
C:/Users/junseok/Desktop/formula_dashboard/CM7/TouchGFX/gui/src/screen1_screen/Screen1Presenter.cpp:25:6:virtual void Screen1Presenter::setNstate(bool)	0	static
C:/Users/junseok/Desktop/formula_dashboard/CM7/TouchGFX/gui/src/screen1_screen/Screen1Presenter.cpp:30:6:virtual void Screen1Presenter::setADC_2(int)	0	static
C:/Users/junseok/Desktop/formula_dashboard/CM7/TouchGFX/gui/src/screen1_screen/Screen1Presenter.cpp:35:6:virtual void Screen1Presenter::updateprevtime(int)	0	static
C:/Users/junseok/Desktop/formula_dashboard/CM7/TouchGFX/gui/src/screen1_screen/Screen1Presenter.cpp:40:6:virtual void Screen1Presenter::updateStopwatch(int)	0	static
C:/Users/junseok/Desktop/formula_dashboard/CM7/TouchGFX/gui/src/screen1_screen/Screen1Presenter.cpp:45:6:virtual void Screen1Presenter::sd_state(bool)	0	static
C:/Users/junseok/Desktop/formula_dashboard/CM7/TouchGFX/gui/src/screen1_screen/Screen1Presenter.cpp:50:6:virtual void Screen1Presenter::setRPM(int)	0	static
C:/Users/junseok/Desktop/formula_dashboard/CM7/TouchGFX/gui/src/screen1_screen/Screen1Presenter.cpp:55:6:virtual void Screen1Presenter::setADC_3(int)	0	static
C:/Users/junseok/Desktop/formula_dashboard/CM7/TouchGFX/gui/src/screen1_screen/Screen1Presenter.cpp:60:6:virtual void Screen1Presenter::p_temp(int)	0	static
../../CM7/../../CM7/TouchGFX/gui/include/gui/screen1_screen/Screen1Presenter.hpp:28:13:virtual Screen1Presenter::~Screen1Presenter()	8	static
../../CM7/../../CM7/TouchGFX/gui/include/gui/screen1_screen/Screen1Presenter.hpp:28:13:virtual void* Screen1Presenter::_ZThn4_N16Screen1PresenterD1Ev()	0	static
C:/Users/junseok/Desktop/formula_dashboard/CM7/TouchGFX/gui/src/screen1_screen/Screen1Presenter.cpp:4:1:Screen1Presenter::Screen1Presenter(Screen1View&)	0	static
