C:/TouchGFXProjects/formula_optimized/CM4/Core/Src/main.c:77:5:main	16	static
C:/TouchGFXProjects/formula_optimized/CM4/Core/Src/main.c:141:6:PeriphCommonClock_Config	208	static
C:/TouchGFXProjects/formula_optimized/CM4/Core/Src/main.c:168:13:MX_SDMMC1_SD_Init	8	static
C:/TouchGFXProjects/formula_optimized/CM4/Core/Src/main.c:197:13:MX_MDMA_Init	16	static
C:/TouchGFXProjects/formula_optimized/CM4/Core/Src/main.c:211:13:MX_GPIO_Init	40	static
C:/TouchGFXProjects/formula_optimized/CM4/Core/Src/main.c:250:6:Error_Handler	4	static,ignoring_inline_asm
