Archive member included to satisfy reference by file (symbol)

C:/ST/STM32CubeIDE_1.17.0/STM32CubeIDE/plugins/com.st.stm32cube.ide.mcu.externaltools.gnu-tools-for-stm32.12.3.rel1.win32_1.1.0.202410251130/tools/bin/../lib/gcc/arm-none-eabi/12.3.1/../../../../arm-none-eabi/lib/thumb/v7e-m+fp/hard\libc_nano.a(libc_a-exit.o)
                              C:/ST/STM32CubeIDE_1.17.0/STM32CubeIDE/plugins/com.st.stm32cube.ide.mcu.externaltools.gnu-tools-for-stm32.12.3.rel1.win32_1.1.0.202410251130/tools/bin/../lib/gcc/arm-none-eabi/12.3.1/../../../../arm-none-eabi/lib/thumb/v7e-m+fp/hard/crt0.o (exit)
C:/ST/STM32CubeIDE_1.17.0/STM32CubeIDE/plugins/com.st.stm32cube.ide.mcu.externaltools.gnu-tools-for-stm32.12.3.rel1.win32_1.1.0.202410251130/tools/bin/../lib/gcc/arm-none-eabi/12.3.1/../../../../arm-none-eabi/lib/thumb/v7e-m+fp/hard\libc_nano.a(libc_a-findfp.o)
                              C:/ST/STM32CubeIDE_1.17.0/STM32CubeIDE/plugins/com.st.stm32cube.ide.mcu.externaltools.gnu-tools-for-stm32.12.3.rel1.win32_1.1.0.202410251130/tools/bin/../lib/gcc/arm-none-eabi/12.3.1/../../../../arm-none-eabi/lib/thumb/v7e-m+fp/hard\libc_nano.a(libc_a-exit.o) (__stdio_exit_handler)
C:/ST/STM32CubeIDE_1.17.0/STM32CubeIDE/plugins/com.st.stm32cube.ide.mcu.externaltools.gnu-tools-for-stm32.12.3.rel1.win32_1.1.0.202410251130/tools/bin/../lib/gcc/arm-none-eabi/12.3.1/../../../../arm-none-eabi/lib/thumb/v7e-m+fp/hard\libc_nano.a(libc_a-fwalk.o)
                              C:/ST/STM32CubeIDE_1.17.0/STM32CubeIDE/plugins/com.st.stm32cube.ide.mcu.externaltools.gnu-tools-for-stm32.12.3.rel1.win32_1.1.0.202410251130/tools/bin/../lib/gcc/arm-none-eabi/12.3.1/../../../../arm-none-eabi/lib/thumb/v7e-m+fp/hard\libc_nano.a(libc_a-findfp.o) (_fwalk_sglue)
C:/ST/STM32CubeIDE_1.17.0/STM32CubeIDE/plugins/com.st.stm32cube.ide.mcu.externaltools.gnu-tools-for-stm32.12.3.rel1.win32_1.1.0.202410251130/tools/bin/../lib/gcc/arm-none-eabi/12.3.1/../../../../arm-none-eabi/lib/thumb/v7e-m+fp/hard\libc_nano.a(libc_a-stdio.o)
                              C:/ST/STM32CubeIDE_1.17.0/STM32CubeIDE/plugins/com.st.stm32cube.ide.mcu.externaltools.gnu-tools-for-stm32.12.3.rel1.win32_1.1.0.202410251130/tools/bin/../lib/gcc/arm-none-eabi/12.3.1/../../../../arm-none-eabi/lib/thumb/v7e-m+fp/hard\libc_nano.a(libc_a-findfp.o) (__sread)
C:/ST/STM32CubeIDE_1.17.0/STM32CubeIDE/plugins/com.st.stm32cube.ide.mcu.externaltools.gnu-tools-for-stm32.12.3.rel1.win32_1.1.0.202410251130/tools/bin/../lib/gcc/arm-none-eabi/12.3.1/../../../../arm-none-eabi/lib/thumb/v7e-m+fp/hard\libc_nano.a(libc_a-memset.o)
                              C:/ST/STM32CubeIDE_1.17.0/STM32CubeIDE/plugins/com.st.stm32cube.ide.mcu.externaltools.gnu-tools-for-stm32.12.3.rel1.win32_1.1.0.202410251130/tools/bin/../lib/gcc/arm-none-eabi/12.3.1/../../../../arm-none-eabi/lib/thumb/v7e-m+fp/hard/crt0.o (memset)
C:/ST/STM32CubeIDE_1.17.0/STM32CubeIDE/plugins/com.st.stm32cube.ide.mcu.externaltools.gnu-tools-for-stm32.12.3.rel1.win32_1.1.0.202410251130/tools/bin/../lib/gcc/arm-none-eabi/12.3.1/../../../../arm-none-eabi/lib/thumb/v7e-m+fp/hard\libc_nano.a(libc_a-closer.o)
                              C:/ST/STM32CubeIDE_1.17.0/STM32CubeIDE/plugins/com.st.stm32cube.ide.mcu.externaltools.gnu-tools-for-stm32.12.3.rel1.win32_1.1.0.202410251130/tools/bin/../lib/gcc/arm-none-eabi/12.3.1/../../../../arm-none-eabi/lib/thumb/v7e-m+fp/hard\libc_nano.a(libc_a-stdio.o) (_close_r)
C:/ST/STM32CubeIDE_1.17.0/STM32CubeIDE/plugins/com.st.stm32cube.ide.mcu.externaltools.gnu-tools-for-stm32.12.3.rel1.win32_1.1.0.202410251130/tools/bin/../lib/gcc/arm-none-eabi/12.3.1/../../../../arm-none-eabi/lib/thumb/v7e-m+fp/hard\libc_nano.a(libc_a-reent.o)
                              C:/ST/STM32CubeIDE_1.17.0/STM32CubeIDE/plugins/com.st.stm32cube.ide.mcu.externaltools.gnu-tools-for-stm32.12.3.rel1.win32_1.1.0.202410251130/tools/bin/../lib/gcc/arm-none-eabi/12.3.1/../../../../arm-none-eabi/lib/thumb/v7e-m+fp/hard\libc_nano.a(libc_a-closer.o) (errno)
C:/ST/STM32CubeIDE_1.17.0/STM32CubeIDE/plugins/com.st.stm32cube.ide.mcu.externaltools.gnu-tools-for-stm32.12.3.rel1.win32_1.1.0.202410251130/tools/bin/../lib/gcc/arm-none-eabi/12.3.1/../../../../arm-none-eabi/lib/thumb/v7e-m+fp/hard\libc_nano.a(libc_a-impure.o)
                              C:/ST/STM32CubeIDE_1.17.0/STM32CubeIDE/plugins/com.st.stm32cube.ide.mcu.externaltools.gnu-tools-for-stm32.12.3.rel1.win32_1.1.0.202410251130/tools/bin/../lib/gcc/arm-none-eabi/12.3.1/../../../../arm-none-eabi/lib/thumb/v7e-m+fp/hard\libc_nano.a(libc_a-reent.o) (_impure_ptr)
C:/ST/STM32CubeIDE_1.17.0/STM32CubeIDE/plugins/com.st.stm32cube.ide.mcu.externaltools.gnu-tools-for-stm32.12.3.rel1.win32_1.1.0.202410251130/tools/bin/../lib/gcc/arm-none-eabi/12.3.1/../../../../arm-none-eabi/lib/thumb/v7e-m+fp/hard\libc_nano.a(libc_a-lseekr.o)
[...]
Memory Configuration

Name             Origin             Length             Attributes
FLASH            0x08100000         0x00100000         xr
RAM              0x10000000         0x00048000         xrw
*default*        0x00000000         0xffffffff

Linker script and memory map

LOAD C:/ST/STM32CubeIDE_1.17.0/STM32CubeIDE/plugins/com.st.stm32cube.ide.mcu.externaltools.gnu-tools-for-stm32.12.3.rel1.win32_1.1.0.202410251130/tools/bin/../lib/gcc/arm-none-eabi/12.3.1/thumb/v7e-m+fp/hard/crti.o
LOAD C:/ST/STM32CubeIDE_1.17.0/STM32CubeIDE/plugins/com.st.stm32cube.ide.mcu.externaltools.gnu-tools-for-stm32.12.3.rel1.win32_1.1.0.202410251130/tools/bin/../lib/gcc/arm-none-eabi/12.3.1/thumb/v7e-m+fp/hard/crtbegin.o
LOAD C:/ST/STM32CubeIDE_1.17.0/STM32CubeIDE/plugins/com.st.stm32cube.ide.mcu.externaltools.gnu-tools-for-stm32.12.3.rel1.win32_1.1.0.202410251130/tools/bin/../lib/gcc/arm-none-eabi/12.3.1/../../../../arm-none-eabi/lib/thumb/v7e-m+fp/hard/crt0.o
LOAD ./Application/User/Core/main.o
LOAD ./Application/User/Core/stm32h7xx_hal_msp.o
LOAD ./Application/User/Core/stm32h7xx_it.o
LOAD ./Application/User/Core/syscalls.o
LOAD ./Application/User/Core/sysmem.o
LOAD ./Application/User/FATFS/App/fatfs.o
LOAD ./Application/User/FATFS/Target/bsp_driver_sd.o
LOAD ./Application/User/FATFS/Target/sd_diskio.o
LOAD ./Application/User/Startup/startup_stm32h747xihx.o
LOAD ./Drivers/CMSIS/system_stm32h7xx_dualcore_boot_cm4_cm7.o
LOAD ./Drivers/STM32H7xx_HAL_Driver/stm32h7xx_hal.o
LOAD ./Drivers/STM32H7xx_HAL_Driver/stm32h7xx_hal_cortex.o
LOAD ./Drivers/STM32H7xx_HAL_Driver/stm32h7xx_hal_dma.o
LOAD ./Drivers/STM32H7xx_HAL_Driver/stm32h7xx_hal_dma_ex.o
LOAD ./Drivers/STM32H7xx_HAL_Driver/stm32h7xx_hal_exti.o
LOAD ./Drivers/STM32H7xx_HAL_Driver/stm32h7xx_hal_flash.o
LOAD ./Drivers/STM32H7xx_HAL_Driver/stm32h7xx_hal_flash_ex.o
LOAD ./Drivers/STM32H7xx_HAL_Driver/stm32h7xx_hal_gpio.o
LOAD ./Drivers/STM32H7xx_HAL_Driver/stm32h7xx_hal_hsem.o
LOAD ./Drivers/STM32H7xx_HAL_Driver/stm32h7xx_hal_i2c.o
LOAD ./Drivers/STM32H7xx_HAL_Driver/stm32h7xx_hal_i2c_ex.o
LOAD ./Drivers/STM32H7xx_HAL_Driver/stm32h7xx_hal_mdma.o
LOAD ./Drivers/STM32H7xx_HAL_Driver/stm32h7xx_hal_mmc.o
LOAD ./Drivers/STM32H7xx_HAL_Driver/stm32h7xx_hal_mmc_ex.o
LOAD ./Drivers/STM32H7xx_HAL_Driver/stm32h7xx_hal_pwr.o
LOAD ./Drivers/STM32H7xx_HAL_Driver/stm32h7xx_hal_pwr_ex.o
LOAD ./Drivers/STM32H7xx_HAL_Driver/stm32h7xx_hal_rcc.o
LOAD ./Drivers/STM32H7xx_HAL_Driver/stm32h7xx_hal_rcc_ex.o
LOAD ./Drivers/STM32H7xx_HAL_Driver/stm32h7xx_hal_sd.o
LOAD ./Drivers/STM32H7xx_HAL_Driver/stm32h7xx_hal_sd_ex.o
LOAD ./Drivers/STM32H7xx_HAL_Driver/stm32h7xx_ll_delayblock.o
LOAD ./Drivers/STM32H7xx_HAL_Driver/stm32h7xx_ll_sdmmc.o
LOAD ./Middlewares/FatFs/diskio.o
LOAD ./Middlewares/FatFs/ff.o
LOAD ./Middlewares/FatFs/ff_gen_drv.o
LOAD ./Middlewares/FatFs/syscall.o
START GROUP
LOAD C:/ST/STM32CubeIDE_1.17.0/STM32CubeIDE/plugins/com.st.stm32cube.ide.mcu.externaltools.gnu-tools-for-stm32.12.3.rel1.win32_1.1.0.202410251130/tools/bin/../lib/gcc/arm-none-eabi/12.3.1/../../../../arm-none-eabi/lib/thumb/v7e-m+fp/hard\libstdc++_nano.a
LOAD C:/ST/STM32CubeIDE_1.17.0/STM32CubeIDE/plugins/com.st.stm32cube.ide.mcu.externaltools.gnu-tools-for-stm32.12.3.rel1.win32_1.1.0.202410251130/tools/bin/../lib/gcc/arm-none-eabi/12.3.1/../../../../arm-none-eabi/lib/thumb/v7e-m+fp/hard\libsupc++_nano.a
END GROUP
LOAD C:/ST/STM32CubeIDE_1.17.0/STM32CubeIDE/plugins/com.st.stm32cube.ide.mcu.externaltools.gnu-tools-for-stm32.12.3.rel1.win32_1.1.0.202410251130/tools/bin/../lib/gcc/arm-none-eabi/12.3.1/../../../../arm-none-eabi/lib/thumb/v7e-m+fp/hard\libstdc++_nano.a
LOAD C:/ST/STM32CubeIDE_1.17.0/STM32CubeIDE/plugins/com.st.stm32cube.ide.mcu.externaltools.gnu-tools-for-stm32.12.3.rel1.win32_1.1.0.202410251130/tools/bin/../lib/gcc/arm-none-eabi/12.3.1/../../../../arm-none-eabi/lib/thumb/v7e-m+fp/hard\libm.a
LOAD C:/ST/STM32CubeIDE_1.17.0/STM32CubeIDE/plugins/com.st.stm32cube.ide.mcu.externaltools.gnu-tools-for-stm32.12.3.rel1.win32_1.1.0.202410251130/tools/bin/../lib/gcc/arm-none-eabi/12.3.1/../../../../arm-none-eabi/lib/thumb/v7e-m+fp/hard\libc_nano.a
START GROUP
LOAD C:/ST/STM32CubeIDE_1.17.0/STM32CubeIDE/plugins/com.st.stm32cube.ide.mcu.externaltools.gnu-tools-for-stm32.12.3.rel1.win32_1.1.0.202410251130/tools/bin/../lib/gcc/arm-none-eabi/12.3.1/thumb/v7e-m+fp/hard\libgcc.a
LOAD C:/ST/STM32CubeIDE_1.17.0/STM32CubeIDE/plugins/com.st.stm32cube.ide.mcu.externaltools.gnu-tools-for-stm32.12.3.rel1.win32_1.1.0.202410251130/tools/bin/../lib/gcc/arm-none-eabi/12.3.1/../../../../arm-none-eabi/lib/thumb/v7e-m+fp/hard\libc_nano.a
END GROUP
START GROUP
LOAD C:/ST/STM32CubeIDE_1.17.0/STM32CubeIDE/plugins/com.st.stm32cube.ide.mcu.externaltools.gnu-tools-for-stm32.12.3.rel1.win32_1.1.0.202410251130/tools/bin/../lib/gcc/arm-none-eabi/12.3.1/thumb/v7e-m+fp/hard\libgcc.a
LOAD C:/ST/STM32CubeIDE_1.17.0/STM32CubeIDE/plugins/com.st.stm32cube.ide.mcu.externaltools.gnu-tools-for-stm32.12.3.rel1.win32_1.1.0.202410251130/tools/bin/../lib/gcc/arm-none-eabi/12.3.1/../../../../arm-none-eabi/lib/thumb/v7e-m+fp/hard\libc_nano.a
LOAD C:/ST/STM32CubeIDE_1.17.0/STM32CubeIDE/plugins/com.st.stm32cube.ide.mcu.externaltools.gnu-tools-for-stm32.12.3.rel1.win32_1.1.0.202410251130/tools/bin/../lib/gcc/arm-none-eabi/12.3.1/../../../../arm-none-eabi/lib/thumb/v7e-m+fp/hard\libnosys.a
END GROUP
START GROUP
LOAD C:/ST/STM32CubeIDE_1.17.0/STM32CubeIDE/plugins/com.st.stm32cube.ide.mcu.externaltools.gnu-tools-for-stm32.12.3.rel1.win32_1.1.0.202410251130/tools/bin/../lib/gcc/arm-none-eabi/12.3.1/thumb/v7e-m+fp/hard\libgcc.a
LOAD C:/ST/STM32CubeIDE_1.17.0/STM32CubeIDE/plugins/com.st.stm32cube.ide.mcu.externaltools.gnu-tools-for-stm32.12.3.rel1.win32_1.1.0.202410251130/tools/bin/../lib/gcc/arm-none-eabi/12.3.1/../../../../arm-none-eabi/lib/thumb/v7e-m+fp/hard\libc_nano.a
LOAD C:/ST/STM32CubeIDE_1.17.0/STM32CubeIDE/plugins/com.st.stm32cube.ide.mcu.externaltools.gnu-tools-for-stm32.12.3.rel1.win32_1.1.0.202410251130/tools/bin/../lib/gcc/arm-none-eabi/12.3.1/../../../../arm-none-eabi/lib/thumb/v7e-m+fp/hard\libnosys.a
END GROUP
LOAD C:/ST/STM32CubeIDE_1.17.0/STM32CubeIDE/plugins/com.st.stm32cube.ide.mcu.externaltools.gnu-tools-for-stm32.12.3.rel1.win32_1.1.0.202410251130/tools/bin/../lib/gcc/arm-none-eabi/12.3.1/thumb/v7e-m+fp/hard/crtend.o
LOAD C:/ST/STM32CubeIDE_1.17.0/STM32CubeIDE/plugins/com.st.stm32cube.ide.mcu.externaltools.gnu-tools-for-stm32.12.3.rel1.win32_1.1.0.202410251130/tools/bin/../lib/gcc/arm-none-eabi/12.3.1/thumb/v7e-m+fp/hard/crtn.o
                0x10048000                        _estack = (ORIGIN (RAM) + LENGTH (RAM))
                0x00001000                        _Min_Heap_Size = 0x1000
                0x00001000                        _Min_Stack_Size = 0x1000

.isr_vector     0x08100000      0x298
                0x08100000                        . = ALIGN (0x4)
 *(.isr_vector)
 .isr_vector    0x08100000      0x298 ./Application/User/Startup/startup_stm32h747xihx.o
                0x08100000                g_pfnVectors
                0x08100298                        . = ALIGN (0x4)

.text           0x08100298     0x61e4
                0x08100298                        . = ALIGN (0x4)
 *(.text)
 .text          0x08100298       0x40 C:/ST/STM32CubeIDE_1.17.0/STM32CubeIDE/plugins/com.st.stm32cube.ide.mcu.externaltools.gnu-tools-for-stm32.12.3.rel1.win32_1.1.0.202410251130/tools/bin/../lib/gcc/arm-none-eabi/12.3.1/thumb/v7e-m+fp/hard/crtbegin.o
 *(.text*)
 .text.main     0x081002d8       0x8c ./Application/User/Core/main.o
                0x081002d8                main
 .text.MX_SDMMC1_SD_Init
                0x08100364       0x48 ./Application/User/Core/main.o
 .text.MX_MDMA_Init
                0x081003ac       0x34 ./Application/User/Core/main.o
 .text.MX_GPIO_Init
                0x081003e0       0xc4 ./Application/User/Core/main.o
 .text.Error_Handler
                0x081004a4        0xc ./Application/User/Core/main.o
                0x081004a4                Error_Handler
 .text.HAL_MspInit
                0x081004b0       0x34 ./Application/User/Core/stm32h7xx_hal_msp.o
                0x081004b0                HAL_MspInit
 .text.HAL_SD_MspInit
                0x081004e4      0x11c ./Application/User/Core/stm32h7xx_hal_msp.o
                0x081004e4                HAL_SD_MspInit
 .text.NMI_Handler
                0x08100600        0x8 ./Application/User/Core/stm32h7xx_it.o
                0x08100600                NMI_Handler
 .text.HardFault_Handler
                0x08100608        0x8 ./Application/User/Core/stm32h7xx_it.o
                0x08100608                HardFault_Handler
 .text.MemManage_Handler
                0x08100610        0x8 ./Application/User/Core/stm32h7xx_it.o
                0x08100610                MemManage_Handler
 .text.BusFault_Handler
                0x08100618        0x8 ./Application/User/Core/stm32h7xx_it.o
                0x08100618                BusFault_Handler
 .text.UsageFault_Handler
                0x08100620        0x8 ./Application/User/Core/stm32h7xx_it.o
                0x08100620                UsageFault_Handler
 .text.SVC_Handler
                0x08100628        0xe ./Application/User/Core/stm32h7xx_it.o
                0x08100628                SVC_Handler
 .text.DebugMon_Handler
                0x08100636        0xe ./Application/User/Core/stm32h7xx_it.o
                0x08100636                DebugMon_Handler
 .text.PendSV_Handler
                0x08100644        0xe ./Application/User/Core/stm32h7xx_it.o
                0x08100644                PendSV_Handler
 .text.SysTick_Handler
                0x08100652        0xc ./Application/User/Core/stm32h7xx_it.o
                0x08100652                SysTick_Handler
 *fill*         0x0810065e        0x2 
 .text.MX_FATFS_Init
                0x08100660       0x24 ./Application/User/FATFS/App/fatfs.o
                0x08100660                MX_FATFS_Init
 .text.BSP_SD_Init
                0x08100684       0x4c ./Application/User/FATFS/Target/bsp_driver_sd.o
                0x08100684                BSP_SD_Init
 .text.BSP_SD_ReadBlocks
                0x081006d0       0x3c ./Application/User/FATFS/Target/bsp_driver_sd.o
                0x081006d0                BSP_SD_ReadBlocks
 .text.BSP_SD_WriteBlocks
                0x0810070c       0x3c ./Application/User/FATFS/Target/bsp_driver_sd.o
                0x0810070c                BSP_SD_WriteBlocks
 .text.BSP_SD_GetCardState
                0x08100748       0x20 ./Application/User/FATFS/Target/bsp_driver_sd.o
                0x08100748                BSP_SD_GetCardState
 .text.BSP_SD_GetCardInfo
                0x08100768       0x1c ./Application/User/FATFS/Target/bsp_driver_sd.o
                0x08100768                BSP_SD_GetCardInfo
 .text.BSP_SD_IsDetected
                0x08100784       0x1a ./Application/User/FATFS/Target/bsp_driver_sd.o
                0x08100784                BSP_SD_IsDetected
 *fill*         0x0810079e        0x2 
 .text.SD_CheckStatus
                0x081007a0       0x3c ./Application/User/FATFS/Target/sd_diskio.o
 .text.SD_initialize
                0x081007dc       0x3c ./Application/User/FATFS/Target/sd_diskio.o
                0x081007dc                SD_initialize
 .text.SD_status
                0x08100818       0x1c ./Application/User/FATFS/Target/sd_diskio.o
                0x08100818                SD_status
 .text.SD_read  0x08100834       0x42 ./Application/User/FATFS/Target/sd_diskio.o
                0x08100834                SD_read
 .text.SD_write
                0x08100876       0x42 ./Application/User/FATFS/Target/sd_diskio.o
                0x08100876                SD_write
 .text.SD_ioctl
                0x081008b8       0xb0 ./Application/User/FATFS/Target/sd_diskio.o
                0x081008b8                SD_ioctl
 .text.Reset_Handler
                0x08100968       0x50 ./Application/User/Startup/startup_stm32h747xihx.o
                0x08100968                Reset_Handler
 .text.Default_Handler
                0x081009b8        0x2 ./Application/User/Startup/startup_stm32h747xihx.o
                0x081009b8                RTC_Alarm_IRQHandler
                0x081009b8                EXTI2_IRQHandler
                0x081009b8                TIM8_CC_IRQHandler
                0x081009b8                HRTIM1_Master_IRQHandler
                0x081009b8                UART8_IRQHandler
                0x081009b8                SPI4_IRQHandler
                0x081009b8                TIM1_CC_IRQHandler
                0x081009b8                BDMA_Channel6_IRQHandler
                0x081009b8                DMA2_Stream5_IRQHandler
                0x081009b8                HRTIM1_FLT_IRQHandler
                0x081009b8                JPEG_IRQHandler
                0x081009b8                DMA1_Stream5_IRQHandler
                0x081009b8                BDMA_Channel1_IRQHandler
                0x081009b8                HRTIM1_TIMD_IRQHandler
                0x081009b8                TAMP_STAMP_IRQHandler
                0x081009b8                EXTI3_IRQHandler
                0x081009b8                LPTIM4_IRQHandler
                0x081009b8                TIM8_TRG_COM_TIM14_IRQHandler
                0x081009b8                LPTIM2_IRQHandler
                0x081009b8                DFSDM1_FLT1_IRQHandler
                0x081009b8                DMAMUX2_OVR_IRQHandler
                0x081009b8                TIM8_UP_TIM13_IRQHandler
                0x081009b8                I2C3_ER_IRQHandler
                0x081009b8                DFSDM1_FLT2_IRQHandler
                0x081009b8                MDMA_IRQHandler
                0x081009b8                LPTIM3_IRQHandler
                0x081009b8                HSEM1_IRQHandler
                0x081009b8                EXTI0_IRQHandler
                0x081009b8                I2C2_EV_IRQHandler
                0x081009b8                DMA1_Stream2_IRQHandler
                0x081009b8                FPU_IRQHandler
                0x081009b8                OTG_HS_WKUP_IRQHandler
                0x081009b8                FDCAN1_IT1_IRQHandler
                0x081009b8                LTDC_ER_IRQHandler
                0x081009b8                DMA2_Stream2_IRQHandler
                0x081009b8                HRTIM1_TIME_IRQHandler
                0x081009b8                SPI1_IRQHandler
                0x081009b8                TIM6_DAC_IRQHandler
                0x081009b8                DCMI_IRQHandler
                0x081009b8                HRTIM1_TIMC_IRQHandler
                0x081009b8                DMA2_Stream3_IRQHandler
                0x081009b8                SAI2_IRQHandler
                0x081009b8                DFSDM1_FLT3_IRQHandler
                0x081009b8                USART6_IRQHandler
                0x081009b8                TIM17_IRQHandler
                0x081009b8                USART3_IRQHandler
                0x081009b8                BDMA_Channel7_IRQHandler
                0x081009b8                LPTIM5_IRQHandler
                0x081009b8                UART5_IRQHandler
                0x081009b8                ADC3_IRQHandler
                0x081009b8                DMA2_Stream0_IRQHandler
                0x081009b8                TIM4_IRQHandler
                0x081009b8                BDMA_Channel2_IRQHandler
                0x081009b8                QUADSPI_IRQHandler
                0x081009b8                I2C1_EV_IRQHandler
                0x081009b8                DMA1_Stream6_IRQHandler
                0x081009b8                DMAMUX1_OVR_IRQHandler
                0x081009b8                DMA1_Stream1_IRQHandler
                0x081009b8                TIM16_IRQHandler
                0x081009b8                UART4_IRQHandler
                0x081009b8                BDMA_Channel5_IRQHandler
                0x081009b8                TIM3_IRQHandler
                0x081009b8                RCC_IRQHandler
                0x081009b8                TIM8_BRK_TIM12_IRQHandler
                0x081009b8                TIM1_TRG_COM_IRQHandler
                0x081009b8                Default_Handler
                0x081009b8                ECC_IRQHandler
                0x081009b8                CEC_IRQHandler
                0x081009b8                EXTI15_10_IRQHandler
                0x081009b8                BDMA_Channel0_IRQHandler
                0x081009b8                ADC_IRQHandler
                0x081009b8                DMA1_Stream7_IRQHandler
                0x081009b8                HRTIM1_TIMA_IRQHandler
                0x081009b8                SPI5_IRQHandler
                0x081009b8                TIM7_IRQHandler
                0x081009b8                SDMMC1_IRQHandler
                0x081009b8                TIM5_IRQHandler
                0x081009b8                DMA2_Stream7_IRQHandler
                0x081009b8                TIM15_IRQHandler
                0x081009b8                PVD_AVD_IRQHandler
                0x081009b8                I2C3_EV_IRQHandler
                0x081009b8                EXTI9_5_IRQHandler
                0x081009b8                RTC_WKUP_IRQHandler
                0x081009b8                LTDC_IRQHandler
                0x081009b8                SAI3_IRQHandler
                0x081009b8                ETH_WKUP_IRQHandler
                0x081009b8                SPDIF_RX_IRQHandler
                0x081009b8                SPI2_IRQHandler
                0x081009b8                OTG_HS_EP1_IN_IRQHandler
                0x081009b8                DMA1_Stream0_IRQHandler
                0x081009b8                CRS_IRQHandler
                0x081009b8                CM7_SEV_IRQHandler
                0x081009b8                EXTI4_IRQHandler
                0x081009b8                RNG_IRQHandler
                0x081009b8                CM4_SEV_IRQHandler
                0x081009b8                HRTIM1_TIMB_IRQHandler
                0x081009b8                FDCAN2_IT1_IRQHandler
                0x081009b8                DSI_IRQHandler
                0x081009b8                ETH_IRQHandler
                0x081009b8                TIM1_UP_IRQHandler
                0x081009b8                WWDG_RST_IRQHandler
                0x081009b8                BDMA_Channel4_IRQHandler
                0x081009b8                OTG_HS_EP1_OUT_IRQHandler
                0x081009b8                WWDG_IRQHandler
                0x081009b8                SPI6_IRQHandler
                0x081009b8                MDIOS_IRQHandler
                0x081009b8                I2C4_EV_IRQHandler
                0x081009b8                FDCAN2_IT0_IRQHandler
                0x081009b8                LPUART1_IRQHandler
                0x081009b8                FDCAN1_IT0_IRQHandler
                0x081009b8                TIM2_IRQHandler
                0x081009b8                OTG_FS_WKUP_IRQHandler
                0x081009b8                OTG_HS_IRQHandler
                0x081009b8                HSEM2_IRQHandler
                0x081009b8                DMA2D_IRQHandler
                0x081009b8                TIM1_BRK_IRQHandler
                0x081009b8                EXTI1_IRQHandler
                0x081009b8                SDMMC2_IRQHandler
                0x081009b8                OTG_FS_EP1_OUT_IRQHandler
                0x081009b8                BDMA_Channel3_IRQHandler
                0x081009b8                HOLD_CORE_IRQHandler
                0x081009b8                UART7_IRQHandler
                0x081009b8                MDIOS_WKUP_IRQHandler
                0x081009b8                USART2_IRQHandler
                0x081009b8                DFSDM1_FLT0_IRQHandler
                0x081009b8                SAI4_IRQHandler
                0x081009b8                I2C2_ER_IRQHandler
                0x081009b8                DMA2_Stream1_IRQHandler
                0x081009b8                FLASH_IRQHandler
                0x081009b8                DMA2_Stream4_IRQHandler
                0x081009b8                USART1_IRQHandler
                0x081009b8                OTG_FS_IRQHandler
                0x081009b8                SPI3_IRQHandler
                0x081009b8                WAKEUP_PIN_IRQHandler
                0x081009b8                DMA1_Stream4_IRQHandler
                0x081009b8                OTG_FS_EP1_IN_IRQHandler
                0x081009b8                I2C1_ER_IRQHandler
                0x081009b8                FMC_IRQHandler
                0x081009b8                FDCAN_CAL_IRQHandler
                0x081009b8                SWPMI1_IRQHandler
                0x081009b8                COMP1_IRQHandler
                0x081009b8                LPTIM1_IRQHandler
                0x081009b8                I2C4_ER_IRQHandler
                0x081009b8                DMA2_Stream6_IRQHandler
                0x081009b8                SAI1_IRQHandler
                0x081009b8                DMA1_Stream3_IRQHandler
 *fill*         0x081009ba        0x2 
 .text.SystemInit
                0x081009bc       0x38 ./Drivers/CMSIS/system_stm32h7xx_dualcore_boot_cm4_cm7.o
                0x081009bc                SystemInit
 .text.HAL_Init
                0x081009f4       0xbc ./Drivers/STM32H7xx_HAL_Driver/stm32h7xx_hal.o
                0x081009f4                HAL_Init
 .text.HAL_InitTick
                0x08100ab0       0x6c ./Drivers/STM32H7xx_HAL_Driver/stm32h7xx_hal.o
                0x08100ab0                HAL_InitTick
 .text.HAL_IncTick
                0x08100b1c       0x28 ./Drivers/STM32H7xx_HAL_Driver/stm32h7xx_hal.o
                0x08100b1c                HAL_IncTick
 .text.HAL_GetTick
                0x08100b44       0x18 ./Drivers/STM32H7xx_HAL_Driver/stm32h7xx_hal.o
                0x08100b44                HAL_GetTick
 .text.HAL_Delay
                0x08100b5c       0x48 ./Drivers/STM32H7xx_HAL_Driver/stm32h7xx_hal.o
                0x08100b5c                HAL_Delay
 .text.__NVIC_SetPriorityGrouping
                0x08100ba4       0x48 ./Drivers/STM32H7xx_HAL_Driver/stm32h7xx_hal_cortex.o
 .text.__NVIC_GetPriorityGrouping
                0x08100bec       0x1c ./Drivers/STM32H7xx_HAL_Driver/stm32h7xx_hal_cortex.o
 .text.__NVIC_SetPriority
                0x08100c08       0x54 ./Drivers/STM32H7xx_HAL_Driver/stm32h7xx_hal_cortex.o
 .text.NVIC_EncodePriority
                0x08100c5c       0x66 ./Drivers/STM32H7xx_HAL_Driver/stm32h7xx_hal_cortex.o
 *fill*         0x08100cc2        0x2 
 .text.SysTick_Config
                0x08100cc4       0x44 ./Drivers/STM32H7xx_HAL_Driver/stm32h7xx_hal_cortex.o
 .text.HAL_NVIC_SetPriorityGrouping
                0x08100d08       0x16 ./Drivers/STM32H7xx_HAL_Driver/stm32h7xx_hal_cortex.o
                0x08100d08                HAL_NVIC_SetPriorityGrouping
 .text.HAL_NVIC_SetPriority
                0x08100d1e       0x34 ./Drivers/STM32H7xx_HAL_Driver/stm32h7xx_hal_cortex.o
                0x08100d1e                HAL_NVIC_SetPriority
 .text.HAL_SYSTICK_Config
                0x08100d52       0x18 ./Drivers/STM32H7xx_HAL_Driver/stm32h7xx_hal_cortex.o
                0x08100d52                HAL_SYSTICK_Config
 *fill*         0x08100d6a        0x2 
 .text.HAL_GetCurrentCPUID
                0x08100d6c       0x28 ./Drivers/STM32H7xx_HAL_Driver/stm32h7xx_hal_cortex.o
                0x08100d6c                HAL_GetCurrentCPUID
 .text.HAL_GPIO_Init
                0x08100d94      0x360 ./Drivers/STM32H7xx_HAL_Driver/stm32h7xx_hal_gpio.o
                0x08100d94                HAL_GPIO_Init
 .text.HAL_GPIO_WritePin
                0x081010f4       0x32 ./Drivers/STM32H7xx_HAL_Driver/stm32h7xx_hal_gpio.o
                0x081010f4                HAL_GPIO_WritePin
 *fill*         0x08101126        0x2 
 .text.HAL_HSEM_ActivateNotification
                0x08101128       0x24 ./Drivers/STM32H7xx_HAL_Driver/stm32h7xx_hal_hsem.o
                0x08101128                HAL_HSEM_ActivateNotification
 .text.HAL_PWREx_EnterSTOPMode
                0x0810114c       0xf4 ./Drivers/STM32H7xx_HAL_Driver/stm32h7xx_hal_pwr_ex.o
                0x0810114c                HAL_PWREx_EnterSTOPMode
 .text.HAL_PWREx_ClearPendingEvent
                0x08101240       0x1a ./Drivers/STM32H7xx_HAL_Driver/stm32h7xx_hal_pwr_ex.o
                0x08101240                HAL_PWREx_ClearPendingEvent
 *fill*         0x0810125a        0x2 
 .text.HAL_RCC_GetSysClockFreq
                0x0810125c      0x2f4 ./Drivers/STM32H7xx_HAL_Driver/stm32h7xx_hal_rcc.o
                0x0810125c                HAL_RCC_GetSysClockFreq
 .text.HAL_RCC_GetHCLKFreq
                0x08101550       0x64 ./Drivers/STM32H7xx_HAL_Driver/stm32h7xx_hal_rcc.o
                0x08101550                HAL_RCC_GetHCLKFreq
 .text.HAL_RCC_GetPCLK1Freq
                0x081015b4       0x2c ./Drivers/STM32H7xx_HAL_Driver/stm32h7xx_hal_rcc.o
                0x081015b4                HAL_RCC_GetPCLK1Freq
 .text.HAL_RCCEx_PeriphCLKConfig
                0x081015e0     0x1494 ./Drivers/STM32H7xx_HAL_Driver/stm32h7xx_hal_rcc_ex.o
                0x081015e0                HAL_RCCEx_PeriphCLKConfig
 .text.HAL_RCCEx_GetPeriphCLKFreq
                0x08102a74      0xb00 ./Drivers/STM32H7xx_HAL_Driver/stm32h7xx_hal_rcc_ex.o
                0x08102a74                HAL_RCCEx_GetPeriphCLKFreq
 .text.HAL_RCCEx_GetD3PCLK1Freq
                0x08103574       0x2c ./Drivers/STM32H7xx_HAL_Driver/stm32h7xx_hal_rcc_ex.o
                0x08103574                HAL_RCCEx_GetD3PCLK1Freq
 .text.HAL_RCCEx_GetPLL2ClockFreq
                0x081035a0      0x2a8 ./Drivers/STM32H7xx_HAL_Driver/stm32h7xx_hal_rcc_ex.o
                0x081035a0                HAL_RCCEx_GetPLL2ClockFreq
 .text.HAL_RCCEx_GetPLL3ClockFreq
                0x08103848      0x2a8 ./Drivers/STM32H7xx_HAL_Driver/stm32h7xx_hal_rcc_ex.o
                0x08103848                HAL_RCCEx_GetPLL3ClockFreq
 .text.HAL_RCCEx_GetPLL1ClockFreq
                0x08103af0      0x2a4 ./Drivers/STM32H7xx_HAL_Driver/stm32h7xx_hal_rcc_ex.o
                0x08103af0                HAL_RCCEx_GetPLL1ClockFreq
 .text.RCCEx_PLL2_Config
                0x08103d94      0x164 ./Drivers/STM32H7xx_HAL_Driver/stm32h7xx_hal_rcc_ex.o
 .text.RCCEx_PLL3_Config
                0x08103ef8      0x164 ./Drivers/STM32H7xx_HAL_Driver/stm32h7xx_hal_rcc_ex.o
 .text.HAL_SD_Init
                0x0810405c      0x106 ./Drivers/STM32H7xx_HAL_Driver/stm32h7xx_hal_sd.o
                0x0810405c                HAL_SD_Init
 *fill*         0x08104162        0x2 
 .text.HAL_SD_InitCard
                0x08104164      0x138 ./Drivers/STM32H7xx_HAL_Driver/stm32h7xx_hal_sd.o
                0x08104164                HAL_SD_InitCard
 .text.HAL_SD_ReadBlocks
                0x0810429c      0x314 ./Drivers/STM32H7xx_HAL_Driver/stm32h7xx_hal_sd.o
                0x0810429c                HAL_SD_ReadBlocks
 .text.HAL_SD_WriteBlocks
                0x081045b0      0x31c ./Drivers/STM32H7xx_HAL_Driver/stm32h7xx_hal_sd.o
                0x081045b0                HAL_SD_WriteBlocks
 .text.HAL_SD_GetCardCSD
                0x081048cc      0x348 ./Drivers/STM32H7xx_HAL_Driver/stm32h7xx_hal_sd.o
                0x081048cc                HAL_SD_GetCardCSD
 .text.HAL_SD_GetCardStatus
                0x08104c14      0x17c ./Drivers/STM32H7xx_HAL_Driver/stm32h7xx_hal_sd.o
                0x08104c14                HAL_SD_GetCardStatus
 .text.HAL_SD_GetCardInfo
                0x08104d90       0x58 ./Drivers/STM32H7xx_HAL_Driver/stm32h7xx_hal_sd.o
                0x08104d90                HAL_SD_GetCardInfo
 .text.HAL_SD_ConfigWideBusOperation
                0x08104de8      0x224 ./Drivers/STM32H7xx_HAL_Driver/stm32h7xx_hal_sd.o
                0x08104de8                HAL_SD_ConfigWideBusOperation
 .text.HAL_SD_GetCardState
                0x0810500c       0x40 ./Drivers/STM32H7xx_HAL_Driver/stm32h7xx_hal_sd.o
                0x0810500c                HAL_SD_GetCardState
 .text.SD_InitCard
                0x0810504c      0x19c ./Drivers/STM32H7xx_HAL_Driver/stm32h7xx_hal_sd.o
 .text.SD_PowerON
                0x081051e8      0x11c ./Drivers/STM32H7xx_HAL_Driver/stm32h7xx_hal_sd.o
 .text.SD_SendSDStatus
                0x08105304      0x1a0 ./Drivers/STM32H7xx_HAL_Driver/stm32h7xx_hal_sd.o
 .text.SD_SendStatus
                0x081054a4       0x50 ./Drivers/STM32H7xx_HAL_Driver/stm32h7xx_hal_sd.o
 .text.SD_WideBus_Enable
                0x081054f4       0x96 ./Drivers/STM32H7xx_HAL_Driver/stm32h7xx_hal_sd.o
 .text.SD_WideBus_Disable
                0x0810558a       0x96 ./Drivers/STM32H7xx_HAL_Driver/stm32h7xx_hal_sd.o
 .text.SD_FindSCR
                0x08105620      0x1a0 ./Drivers/STM32H7xx_HAL_Driver/stm32h7xx_hal_sd.o
 .text.SDMMC_Init
                0x081057c0       0x54 ./Drivers/STM32H7xx_HAL_Driver/stm32h7xx_ll_sdmmc.o
                0x081057c0                SDMMC_Init
 .text.SDMMC_ReadFIFO
                0x08105814       0x1a ./Drivers/STM32H7xx_HAL_Driver/stm32h7xx_ll_sdmmc.o
                0x08105814                SDMMC_ReadFIFO
 .text.SDMMC_WriteFIFO
                0x0810582e       0x22 ./Drivers/STM32H7xx_HAL_Driver/stm32h7xx_ll_sdmmc.o
                0x0810582e                SDMMC_WriteFIFO
 .text.SDMMC_PowerState_ON
                0x08105850       0x22 ./Drivers/STM32H7xx_HAL_Driver/stm32h7xx_ll_sdmmc.o
                0x08105850                SDMMC_PowerState_ON
 .text.SDMMC_GetPowerState
                0x08105872       0x1c ./Drivers/STM32H7xx_HAL_Driver/stm32h7xx_ll_sdmmc.o
                0x08105872                SDMMC_GetPowerState
 *fill*         0x0810588e        0x2 
 .text.SDMMC_SendCommand
                0x08105890       0x54 ./Drivers/STM32H7xx_HAL_Driver/stm32h7xx_ll_sdmmc.o
                0x08105890                SDMMC_SendCommand
 .text.SDMMC_GetCommandResponse
                0x081058e4       0x1a ./Drivers/STM32H7xx_HAL_Driver/stm32h7xx_ll_sdmmc.o
                0x081058e4                SDMMC_GetCommandResponse
 .text.SDMMC_GetResponse
                0x081058fe       0x26 ./Drivers/STM32H7xx_HAL_Driver/stm32h7xx_ll_sdmmc.o
                0x081058fe                SDMMC_GetResponse
 .text.SDMMC_ConfigData
                0x08105924       0x58 ./Drivers/STM32H7xx_HAL_Driver/stm32h7xx_ll_sdmmc.o
                0x08105924                SDMMC_ConfigData
 .text.SDMMC_CmdBlockLength
                0x0810597c       0x46 ./Drivers/STM32H7xx_HAL_Driver/stm32h7xx_ll_sdmmc.o
                0x0810597c                SDMMC_CmdBlockLength
 .text.SDMMC_CmdReadSingleBlock
                0x081059c2       0x46 ./Drivers/STM32H7xx_HAL_Driver/stm32h7xx_ll_sdmmc.o
                0x081059c2                SDMMC_CmdReadSingleBlock
 .text.SDMMC_CmdReadMultiBlock
                0x08105a08       0x46 ./Drivers/STM32H7xx_HAL_Driver/stm32h7xx_ll_sdmmc.o
                0x08105a08                SDMMC_CmdReadMultiBlock
 .text.SDMMC_CmdWriteSingleBlock
                0x08105a4e       0x46 ./Drivers/STM32H7xx_HAL_Driver/stm32h7xx_ll_sdmmc.o
                0x08105a4e                SDMMC_CmdWriteSingleBlock
 .text.SDMMC_CmdWriteMultiBlock
                0x08105a94       0x46 ./Drivers/STM32H7xx_HAL_Driver/stm32h7xx_ll_sdmmc.o
                0x08105a94                SDMMC_CmdWriteMultiBlock
 *fill*         0x08105ada        0x2 
 .text.SDMMC_CmdStopTransfer
                0x08105adc       0x78 ./Drivers/STM32H7xx_HAL_Driver/stm32h7xx_ll_sdmmc.o
                0x08105adc                SDMMC_CmdStopTransfer
 .text.SDMMC_CmdSelDesel
                0x08105b54       0x46 ./Drivers/STM32H7xx_HAL_Driver/stm32h7xx_ll_sdmmc.o
                0x08105b54                SDMMC_CmdSelDesel
 .text.SDMMC_CmdGoIdleState
                0x08105b9a       0x3c ./Drivers/STM32H7xx_HAL_Driver/stm32h7xx_ll_sdmmc.o
                0x08105b9a                SDMMC_CmdGoIdleState
 .text.SDMMC_CmdOperCond
                0x08105bd6       0x40 ./Drivers/STM32H7xx_HAL_Driver/stm32h7xx_ll_sdmmc.o
                0x08105bd6                SDMMC_CmdOperCond
 .text.SDMMC_CmdAppCommand
                0x08105c16       0x46 ./Drivers/STM32H7xx_HAL_Driver/stm32h7xx_ll_sdmmc.o
                0x08105c16                SDMMC_CmdAppCommand
 .text.SDMMC_CmdAppOperCommand
                0x08105c5c       0x40 ./Drivers/STM32H7xx_HAL_Driver/stm32h7xx_ll_sdmmc.o
                0x08105c5c                SDMMC_CmdAppOperCommand
 .text.SDMMC_CmdBusWidth
                0x08105c9c       0x46 ./Drivers/STM32H7xx_HAL_Driver/stm32h7xx_ll_sdmmc.o
                0x08105c9c                SDMMC_CmdBusWidth
 .text.SDMMC_CmdSendSCR
                0x08105ce2       0x44 ./Drivers/STM32H7xx_HAL_Driver/stm32h7xx_ll_sdmmc.o
                0x08105ce2                SDMMC_CmdSendSCR
 .text.SDMMC_CmdSendCID
                0x08105d26       0x3e ./Drivers/STM32H7xx_HAL_Driver/stm32h7xx_ll_sdmmc.o
                0x08105d26                SDMMC_CmdSendCID
 .text.SDMMC_CmdSendCSD
                0x08105d64       0x40 ./Drivers/STM32H7xx_HAL_Driver/stm32h7xx_ll_sdmmc.o
                0x08105d64                SDMMC_CmdSendCSD
 .text.SDMMC_CmdSetRelAdd
                0x08105da4       0x44 ./Drivers/STM32H7xx_HAL_Driver/stm32h7xx_ll_sdmmc.o
                0x08105da4                SDMMC_CmdSetRelAdd
 .text.SDMMC_CmdSendStatus
                0x08105de8       0x46 ./Drivers/STM32H7xx_HAL_Driver/stm32h7xx_ll_sdmmc.o
                0x08105de8                SDMMC_CmdSendStatus
 .text.SDMMC_CmdStatusRegister
                0x08105e2e       0x44 ./Drivers/STM32H7xx_HAL_Driver/stm32h7xx_ll_sdmmc.o
                0x08105e2e                SDMMC_CmdStatusRegister
 *fill*         0x08105e72        0x2 
 .text.SDMMC_GetCmdResp1
                0x08105e74      0x1e4 ./Drivers/STM32H7xx_HAL_Driver/stm32h7xx_ll_sdmmc.o
                0x08105e74                SDMMC_GetCmdResp1
 .text.SDMMC_GetCmdResp2
                0x08106058       0x94 ./Drivers/STM32H7xx_HAL_Driver/stm32h7xx_ll_sdmmc.o
                0x08106058                SDMMC_GetCmdResp2
 .text.SDMMC_GetCmdResp3
                0x081060ec       0x80 ./Drivers/STM32H7xx_HAL_Driver/stm32h7xx_ll_sdmmc.o
                0x081060ec                SDMMC_GetCmdResp3
 .text.SDMMC_GetCmdResp6
                0x0810616c       0xf0 ./Drivers/STM32H7xx_HAL_Driver/stm32h7xx_ll_sdmmc.o
                0x0810616c                SDMMC_GetCmdResp6
 .text.SDMMC_GetCmdResp7
                0x0810625c       0x9c ./Drivers/STM32H7xx_HAL_Driver/stm32h7xx_ll_sdmmc.o
                0x0810625c                SDMMC_GetCmdResp7
 .text.SDMMC_GetCmdError
                0x081062f8       0x5c ./Drivers/STM32H7xx_HAL_Driver/stm32h7xx_ll_sdmmc.o
 .text.FATFS_LinkDriverEx
                0x08106354       0x98 ./Middlewares/FatFs/ff_gen_drv.o
                0x08106354                FATFS_LinkDriverEx
 .text.FATFS_LinkDriver
                0x081063ec       0x1e ./Middlewares/FatFs/ff_gen_drv.o
                0x081063ec                FATFS_LinkDriver
 .text.memset   0x0810640a       0x10 C:/ST/STM32CubeIDE_1.17.0/STM32CubeIDE/plugins/com.st.stm32cube.ide.mcu.externaltools.gnu-tools-for-stm32.12.3.rel1.win32_1.1.0.202410251130/tools/bin/../lib/gcc/arm-none-eabi/12.3.1/../../../../arm-none-eabi/lib/thumb/v7e-m+fp/hard\libc_nano.a(libc_a-memset.o)
                0x0810640a                memset
 *fill*         0x0810641a        0x2 
 .text.__libc_init_array
                0x0810641c       0x48 C:/ST/STM32CubeIDE_1.17.0/STM32CubeIDE/plugins/com.st.stm32cube.ide.mcu.externaltools.gnu-tools-for-stm32.12.3.rel1.win32_1.1.0.202410251130/tools/bin/../lib/gcc/arm-none-eabi/12.3.1/../../../../arm-none-eabi/lib/thumb/v7e-m+fp/hard\libc_nano.a(libc_a-init.o)
                0x0810641c                __libc_init_array
 *(.glue_7)
 .glue_7        0x08106464        0x0 linker stubs
 *(.glue_7t)
 .glue_7t       0x08106464        0x0 linker stubs
 *(.eh_frame)
 .eh_frame      0x08106464        0x0 C:/ST/STM32CubeIDE_1.17.0/STM32CubeIDE/plugins/com.st.stm32cube.ide.mcu.externaltools.gnu-tools-for-stm32.12.3.rel1.win32_1.1.0.202410251130/tools/bin/../lib/gcc/arm-none-eabi/12.3.1/thumb/v7e-m+fp/hard/crtbegin.o
 *(.init)
 .init          0x08106464        0x4 C:/ST/STM32CubeIDE_1.17.0/STM32CubeIDE/plugins/com.st.stm32cube.ide.mcu.externaltools.gnu-tools-for-stm32.12.3.rel1.win32_1.1.0.202410251130/tools/bin/../lib/gcc/arm-none-eabi/12.3.1/thumb/v7e-m+fp/hard/crti.o
                0x08106464                _init
 .init          0x08106468        0x8 C:/ST/STM32CubeIDE_1.17.0/STM32CubeIDE/plugins/com.st.stm32cube.ide.mcu.externaltools.gnu-tools-for-stm32.12.3.rel1.win32_1.1.0.202410251130/tools/bin/../lib/gcc/arm-none-eabi/12.3.1/thumb/v7e-m+fp/hard/crtn.o
 *(.fini)
 .fini          0x08106470        0x4 C:/ST/STM32CubeIDE_1.17.0/STM32CubeIDE/plugins/com.st.stm32cube.ide.mcu.externaltools.gnu-tools-for-stm32.12.3.rel1.win32_1.1.0.202410251130/tools/bin/../lib/gcc/arm-none-eabi/12.3.1/thumb/v7e-m+fp/hard/crti.o
                0x08106470                _fini
 .fini          0x08106474        0x8 C:/ST/STM32CubeIDE_1.17.0/STM32CubeIDE/plugins/com.st.stm32cube.ide.mcu.externaltools.gnu-tools-for-stm32.12.3.rel1.win32_1.1.0.202410251130/tools/bin/../lib/gcc/arm-none-eabi/12.3.1/thumb/v7e-m+fp/hard/crtn.o
                0x0810647c                        . = ALIGN (0x4)
                0x0810647c                        _etext = .

.vfp11_veneer   0x0810647c        0x0
 .vfp11_veneer  0x0810647c        0x0 linker stubs

.v4_bx          0x0810647c        0x0
 .v4_bx         0x0810647c        0x0 linker stubs

.iplt           0x0810647c        0x0
 .iplt          0x0810647c        0x0 C:/ST/STM32CubeIDE_1.17.0/STM32CubeIDE/plugins/com.st.stm32cube.ide.mcu.externaltools.gnu-tools-for-stm32.12.3.rel1.win32_1.1.0.202410251130/tools/bin/../lib/gcc/arm-none-eabi/12.3.1/thumb/v7e-m+fp/hard/crtbegin.o

.rodata         0x0810647c       0x24
                0x0810647c                        . = ALIGN (0x4)
 *(.rodata)
 *(.rodata*)
 .rodata.SD_Driver
                0x0810647c       0x14 ./Application/User/FATFS/Target/sd_diskio.o
                0x0810647c                SD_Driver
 .rodata.D1CorePrescTable
                0x08106490       0x10 ./Drivers/CMSIS/system_stm32h7xx_dualcore_boot_cm4_cm7.o
                0x08106490                D1CorePrescTable
                0x081064a0                        . = ALIGN (0x4)

.rel.dyn        0x081064a0        0x0
 .rel.iplt      0x081064a0        0x0 C:/ST/STM32CubeIDE_1.17.0/STM32CubeIDE/plugins/com.st.stm32cube.ide.mcu.externaltools.gnu-tools-for-stm32.12.3.rel1.win32_1.1.0.202410251130/tools/bin/../lib/gcc/arm-none-eabi/12.3.1/thumb/v7e-m+fp/hard/crtbegin.o

.ARM.extab
 *(.ARM.extab* .gnu.linkonce.armextab.*)

.ARM            0x081064a0        0x0
                0x081064a0                        __exidx_start = .
 *(.ARM.exidx*)
                0x081064a0                        __exidx_end = .

.preinit_array  0x081064a0        0x0
                0x081064a0                        PROVIDE (__preinit_array_start = .)
 *(.preinit_array*)
                0x081064a0                        PROVIDE (__preinit_array_end = .)

.init_array     0x081064a0        0x4
                0x081064a0                        PROVIDE (__init_array_start = .)
 *(SORT_BY_NAME(.init_array.*))
 *(.init_array*)
 .init_array    0x081064a0        0x4 C:/ST/STM32CubeIDE_1.17.0/STM32CubeIDE/plugins/com.st.stm32cube.ide.mcu.externaltools.gnu-tools-for-stm32.12.3.rel1.win32_1.1.0.202410251130/tools/bin/../lib/gcc/arm-none-eabi/12.3.1/thumb/v7e-m+fp/hard/crtbegin.o
                0x081064a4                        PROVIDE (__init_array_end = .)

.fini_array     0x081064a4        0x4
                [!provide]                        PROVIDE (__fini_array_start = .)
 *(SORT_BY_NAME(.fini_array.*))
 *(.fini_array*)
 .fini_array    0x081064a4        0x4 C:/ST/STM32CubeIDE_1.17.0/STM32CubeIDE/plugins/com.st.stm32cube.ide.mcu.externaltools.gnu-tools-for-stm32.12.3.rel1.win32_1.1.0.202410251130/tools/bin/../lib/gcc/arm-none-eabi/12.3.1/thumb/v7e-m+fp/hard/crtbegin.o
                [!provide]                        PROVIDE (__fini_array_end = .)
                0x081064a8                        _sidata = LOADADDR (.data)

.data           0x10000000       0x14 load address 0x081064a8
                0x10000000                        . = ALIGN (0x4)
                0x10000000                        _sdata = .
 *(.data)
 *(.data*)
 .data.Stat     0x10000000        0x1 ./Application/User/FATFS/Target/sd_diskio.o
 *fill*         0x10000001        0x3 
 .data.SystemCoreClock
                0x10000004        0x4 ./Drivers/CMSIS/system_stm32h7xx_dualcore_boot_cm4_cm7.o
                0x10000004                SystemCoreClock
 .data.SystemD2Clock
                0x10000008        0x4 ./Drivers/CMSIS/system_stm32h7xx_dualcore_boot_cm4_cm7.o
                0x10000008                SystemD2Clock
 .data.uwTickPrio
                0x1000000c        0x4 ./Drivers/STM32H7xx_HAL_Driver/stm32h7xx_hal.o
                0x1000000c                uwTickPrio
 .data.uwTickFreq
                0x10000010        0x1 ./Drivers/STM32H7xx_HAL_Driver/stm32h7xx_hal.o
                0x10000010                uwTickFreq
 *(.RamFunc)
 *(.RamFunc*)
                0x10000014                        . = ALIGN (0x4)
 *fill*         0x10000011        0x3 
                0x10000014                        _edata = .

.igot.plt       0x10000014        0x0 load address 0x081064bc
 .igot.plt      0x10000014        0x0 C:/ST/STM32CubeIDE_1.17.0/STM32CubeIDE/plugins/com.st.stm32cube.ide.mcu.externaltools.gnu-tools-for-stm32.12.3.rel1.win32_1.1.0.202410251130/tools/bin/../lib/gcc/arm-none-eabi/12.3.1/thumb/v7e-m+fp/hard/crtbegin.o
                0x10000014                        . = ALIGN (0x4)

.bss            0x10000014       0xb0 load address 0x081064bc
                0x10000014                        _sbss = .
                0x10000014                        __bss_start__ = _sbss
 *(.bss)
 .bss           0x10000014       0x1c C:/ST/STM32CubeIDE_1.17.0/STM32CubeIDE/plugins/com.st.stm32cube.ide.mcu.externaltools.gnu-tools-for-stm32.12.3.rel1.win32_1.1.0.202410251130/tools/bin/../lib/gcc/arm-none-eabi/12.3.1/thumb/v7e-m+fp/hard/crtbegin.o
 *(.bss*)
 .bss.hsd1      0x10000030       0x7c ./Application/User/Core/main.o
                0x10000030                hsd1
 .bss.retSD     0x100000ac        0x1 ./Application/User/FATFS/App/fatfs.o
                0x100000ac                retSD
 *fill*         0x100000ad        0x3 
 .bss.SDPath    0x100000b0        0x4 ./Application/User/FATFS/App/fatfs.o
                0x100000b0                SDPath
 .bss.uwTick    0x100000b4        0x4 ./Drivers/STM32H7xx_HAL_Driver/stm32h7xx_hal.o
                0x100000b4                uwTick
 .bss.disk      0x100000b8        0xc ./Middlewares/FatFs/ff_gen_drv.o
                0x100000b8                disk
 *(COMMON)
                0x100000c4                        . = ALIGN (0x4)
                0x100000c4                        _ebss = .
                0x100000c4                        __bss_end__ = _ebss

._user_heap_stack
                0x100000c4     0x2004 load address 0x081064bc
                0x100000c8                        . = ALIGN (0x8)
 *fill*         0x100000c4        0x4 
                [!provide]                        PROVIDE (end = .)
                0x100000c8                        PROVIDE (_end = .)
                0x100010c8                        . = (. + _Min_Heap_Size)
 *fill*         0x100000c8     0x1000 
                0x100020c8                        . = (. + _Min_Stack_Size)
 *fill*         0x100010c8     0x1000 
                0x100020c8                        . = ALIGN (0x8)

/DISCARD/
 libc.a(*)
 libm.a(*)
 libgcc.a(*)

.ARM.attributes
                0x00000000       0x30
 *(.ARM.attributes)
 .ARM.attributes
                0x00000000       0x22 C:/ST/STM32CubeIDE_1.17.0/STM32CubeIDE/plugins/com.st.stm32cube.ide.mcu.externaltools.gnu-tools-for-stm32.12.3.rel1.win32_1.1.0.202410251130/tools/bin/../lib/gcc/arm-none-eabi/12.3.1/thumb/v7e-m+fp/hard/crti.o
 .ARM.attributes
                0x00000022       0x34 C:/ST/STM32CubeIDE_1.17.0/STM32CubeIDE/plugins/com.st.stm32cube.ide.mcu.externaltools.gnu-tools-for-stm32.12.3.rel1.win32_1.1.0.202410251130/tools/bin/../lib/gcc/arm-none-eabi/12.3.1/thumb/v7e-m+fp/hard/crtbegin.o
 .ARM.attributes
                0x00000056       0x34 ./Application/User/Core/main.o
 .ARM.attributes
                0x0000008a       0x34 ./Application/User/Core/stm32h7xx_hal_msp.o
 .ARM.attributes
                0x000000be       0x34 ./Application/User/Core/stm32h7xx_it.o
 .ARM.attributes
                0x000000f2       0x34 ./Application/User/FATFS/App/fatfs.o
 .ARM.attributes
                0x00000126       0x34 ./Application/User/FATFS/Target/bsp_driver_sd.o
 .ARM.attributes
                0x0000015a       0x34 ./Application/User/FATFS/Target/sd_diskio.o
 .ARM.attributes
                0x0000018e       0x21 ./Application/User/Startup/startup_stm32h747xihx.o
 .ARM.attributes
                0x000001af       0x34 ./Drivers/CMSIS/system_stm32h7xx_dualcore_boot_cm4_cm7.o
 .ARM.attributes
                0x000001e3       0x34 ./Drivers/STM32H7xx_HAL_Driver/stm32h7xx_hal.o
 .ARM.attributes
                0x00000217       0x34 ./Drivers/STM32H7xx_HAL_Driver/stm32h7xx_hal_cortex.o
 .ARM.attributes
                0x0000024b       0x34 ./Drivers/STM32H7xx_HAL_Driver/stm32h7xx_hal_gpio.o
 .ARM.attributes
                0x0000027f       0x34 ./Drivers/STM32H7xx_HAL_Driver/stm32h7xx_hal_hsem.o
 .ARM.attributes
                0x000002b3       0x34 ./Drivers/STM32H7xx_HAL_Driver/stm32h7xx_hal_pwr_ex.o
 .ARM.attributes
                0x000002e7       0x34 ./Drivers/STM32H7xx_HAL_Driver/stm32h7xx_hal_rcc.o
 .ARM.attributes
                0x0000031b       0x34 ./Drivers/STM32H7xx_HAL_Driver/stm32h7xx_hal_rcc_ex.o
 .ARM.attributes
                0x0000034f       0x34 ./Drivers/STM32H7xx_HAL_Driver/stm32h7xx_hal_sd.o
 .ARM.attributes
                0x00000383       0x34 ./Drivers/STM32H7xx_HAL_Driver/stm32h7xx_ll_sdmmc.o
 .ARM.attributes
                0x000003b7       0x34 ./Middlewares/FatFs/ff_gen_drv.o
 .ARM.attributes
                0x000003eb       0x34 C:/ST/STM32CubeIDE_1.17.0/STM32CubeIDE/plugins/com.st.stm32cube.ide.mcu.externaltools.gnu-tools-for-stm32.12.3.rel1.win32_1.1.0.202410251130/tools/bin/../lib/gcc/arm-none-eabi/12.3.1/../../../../arm-none-eabi/lib/thumb/v7e-m+fp/hard\libc_nano.a(libc_a-memset.o)
 .ARM.attributes
                0x0000041f       0x34 C:/ST/STM32CubeIDE_1.17.0/STM32CubeIDE/plugins/com.st.stm32cube.ide.mcu.externaltools.gnu-tools-for-stm32.12.3.rel1.win32_1.1.0.202410251130/tools/bin/../lib/gcc/arm-none-eabi/12.3.1/../../../../arm-none-eabi/lib/thumb/v7e-m+fp/hard\libc_nano.a(libc_a-init.o)
 .ARM.attributes
                0x00000453       0x22 C:/ST/STM32CubeIDE_1.17.0/STM32CubeIDE/plugins/com.st.stm32cube.ide.mcu.externaltools.gnu-tools-for-stm32.12.3.rel1.win32_1.1.0.202410251130/tools/bin/../lib/gcc/arm-none-eabi/12.3.1/thumb/v7e-m+fp/hard/crtn.o
OUTPUT(STM32H747I-DISCO_CM4.elf elf32-littlearm)
LOAD linker stubs
LOAD C:/ST/STM32CubeIDE_1.17.0/STM32CubeIDE/plugins/com.st.stm32cube.ide.mcu.externaltools.gnu-tools-for-stm32.12.3.rel1.win32_1.1.0.202410251130/tools/bin/../lib/gcc/arm-none-eabi/12.3.1/../../../../arm-none-eabi/lib/thumb/v7e-m+fp/hard\libc.a
LOAD C:/ST/STM32CubeIDE_1.17.0/STM32CubeIDE/plugins/com.st.stm32cube.ide.mcu.externaltools.gnu-tools-for-stm32.12.3.rel1.win32_1.1.0.202410251130/tools/bin/../lib/gcc/arm-none-eabi/12.3.1/../../../../arm-none-eabi/lib/thumb/v7e-m+fp/hard\libm.a
LOAD C:/ST/STM32CubeIDE_1.17.0/STM32CubeIDE/plugins/com.st.stm32cube.ide.mcu.externaltools.gnu-tools-for-stm32.12.3.rel1.win32_1.1.0.202410251130/tools/bin/../lib/gcc/arm-none-eabi/12.3.1/thumb/v7e-m+fp/hard\libgcc.a

.debug_info     0x00000000     0xd6a3
 .debug_info    0x00000000     0x1180 ./Application/User/Core/main.o
 .debug_info    0x00001180      0xdd4 ./Application/User/Core/stm32h7xx_hal_msp.o
 .debug_info    0x00001f54      0x12f ./Application/User/Core/stm32h7xx_it.o
 .debug_info    0x00002083      0x506 ./Application/User/FATFS/App/fatfs.o
 .debug_info    0x00002589      0x8dd ./Application/User/FATFS/Target/bsp_driver_sd.o
 .debug_info    0x00002e66      0x4da ./Application/User/FATFS/Target/sd_diskio.o
 .debug_info    0x00003340       0x30 ./Application/User/Startup/startup_stm32h747xihx.o
 .debug_info    0x00003370      0x761 ./Drivers/CMSIS/system_stm32h7xx_dualcore_boot_cm4_cm7.o
 .debug_info    0x00003ad1     0x17b6 ./Drivers/STM32H7xx_HAL_Driver/stm32h7xx_hal.o
 .debug_info    0x00005287      0xf32 ./Drivers/STM32H7xx_HAL_Driver/stm32h7xx_hal_cortex.o
 .debug_info    0x000061b9      0xd06 ./Drivers/STM32H7xx_HAL_Driver/stm32h7xx_hal_gpio.o
 .debug_info    0x00006ebf      0x3d3 ./Drivers/STM32H7xx_HAL_Driver/stm32h7xx_hal_hsem.o
 .debug_info    0x00007292     0x1030 ./Drivers/STM32H7xx_HAL_Driver/stm32h7xx_hal_pwr_ex.o
 .debug_info    0x000082c2      0xe67 ./Drivers/STM32H7xx_HAL_Driver/stm32h7xx_hal_rcc.o
 .debug_info    0x00009129     0x130f ./Drivers/STM32H7xx_HAL_Driver/stm32h7xx_hal_rcc_ex.o
 .debug_info    0x0000a438     0x1a93 ./Drivers/STM32H7xx_HAL_Driver/stm32h7xx_hal_sd.o
 .debug_info    0x0000becb     0x142c ./Drivers/STM32H7xx_HAL_Driver/stm32h7xx_ll_sdmmc.o
 .debug_info    0x0000d2f7      0x3ac ./Middlewares/FatFs/ff_gen_drv.o

.debug_abbrev   0x00000000     0x237e
 .debug_abbrev  0x00000000      0x2ca ./Application/User/Core/main.o
 .debug_abbrev  0x000002ca      0x1e4 ./Application/User/Core/stm32h7xx_hal_msp.o
 .debug_abbrev  0x000004ae       0x73 ./Application/User/Core/stm32h7xx_it.o
 .debug_abbrev  0x00000521      0x160 ./Application/User/FATFS/App/fatfs.o
 .debug_abbrev  0x00000681      0x24b ./Application/User/FATFS/Target/bsp_driver_sd.o
 .debug_abbrev  0x000008cc      0x191 ./Application/User/FATFS/Target/sd_diskio.o
 .debug_abbrev  0x00000a5d       0x24 ./Application/User/Startup/startup_stm32h747xihx.o
 .debug_abbrev  0x00000a81      0x138 ./Drivers/CMSIS/system_stm32h7xx_dualcore_boot_cm4_cm7.o
 .debug_abbrev  0x00000bb9      0x29f ./Drivers/STM32H7xx_HAL_Driver/stm32h7xx_hal.o
 .debug_abbrev  0x00000e58      0x337 ./Drivers/STM32H7xx_HAL_Driver/stm32h7xx_hal_cortex.o
 .debug_abbrev  0x0000118f      0x205 ./Drivers/STM32H7xx_HAL_Driver/stm32h7xx_hal_gpio.o
 .debug_abbrev  0x00001394      0x1d3 ./Drivers/STM32H7xx_HAL_Driver/stm32h7xx_hal_hsem.o
 .debug_abbrev  0x00001567      0x2d6 ./Drivers/STM32H7xx_HAL_Driver/stm32h7xx_hal_pwr_ex.o
 .debug_abbrev  0x0000183d      0x2c8 ./Drivers/STM32H7xx_HAL_Driver/stm32h7xx_hal_rcc.o
 .debug_abbrev  0x00001b05      0x269 ./Drivers/STM32H7xx_HAL_Driver/stm32h7xx_hal_rcc_ex.o
 .debug_abbrev  0x00001d6e      0x26b ./Drivers/STM32H7xx_HAL_Driver/stm32h7xx_hal_sd.o
 .debug_abbrev  0x00001fd9      0x206 ./Drivers/STM32H7xx_HAL_Driver/stm32h7xx_ll_sdmmc.o
 .debug_abbrev  0x000021df      0x19f ./Middlewares/FatFs/ff_gen_drv.o

.debug_aranges  0x00000000      0xca0
 .debug_aranges
                0x00000000       0x48 ./Application/User/Core/main.o
 .debug_aranges
                0x00000048       0x30 ./Application/User/Core/stm32h7xx_hal_msp.o
 .debug_aranges
                0x00000078       0x60 ./Application/User/Core/stm32h7xx_it.o
 .debug_aranges
                0x000000d8       0x28 ./Application/User/FATFS/App/fatfs.o
 .debug_aranges
                0x00000100       0x98 ./Application/User/FATFS/Target/bsp_driver_sd.o
 .debug_aranges
                0x00000198       0x48 ./Application/User/FATFS/Target/sd_diskio.o
 .debug_aranges
                0x000001e0       0x28 ./Application/User/Startup/startup_stm32h747xihx.o
 .debug_aranges
                0x00000208       0x28 ./Drivers/CMSIS/system_stm32h7xx_dualcore_boot_cm4_cm7.o
 .debug_aranges
                0x00000230      0x200 ./Drivers/STM32H7xx_HAL_Driver/stm32h7xx_hal.o
 .debug_aranges
                0x00000430      0x130 ./Drivers/STM32H7xx_HAL_Driver/stm32h7xx_hal_cortex.o
 .debug_aranges
                0x00000560       0x58 ./Drivers/STM32H7xx_HAL_Driver/stm32h7xx_hal_gpio.o
 .debug_aranges
                0x000005b8       0x70 ./Drivers/STM32H7xx_HAL_Driver/stm32h7xx_hal_hsem.o
 .debug_aranges
                0x00000628      0x170 ./Drivers/STM32H7xx_HAL_Driver/stm32h7xx_hal_pwr_ex.o
 .debug_aranges
                0x00000798       0x88 ./Drivers/STM32H7xx_HAL_Driver/stm32h7xx_hal_rcc.o
 .debug_aranges
                0x00000820      0x100 ./Drivers/STM32H7xx_HAL_Driver/stm32h7xx_hal_rcc_ex.o
 .debug_aranges
                0x00000920      0x170 ./Drivers/STM32H7xx_HAL_Driver/stm32h7xx_hal_sd.o
 .debug_aranges
                0x00000a90      0x1d0 ./Drivers/STM32H7xx_HAL_Driver/stm32h7xx_ll_sdmmc.o
 .debug_aranges
                0x00000c60       0x40 ./Middlewares/FatFs/ff_gen_drv.o

.debug_rnglists
                0x00000000      0x967
 .debug_rnglists
                0x00000000       0x33 ./Application/User/Core/main.o
 .debug_rnglists
                0x00000033       0x20 ./Application/User/Core/stm32h7xx_hal_msp.o
 .debug_rnglists
                0x00000053       0x43 ./Application/User/Core/stm32h7xx_it.o
 .debug_rnglists
                0x00000096       0x19 ./Application/User/FATFS/App/fatfs.o
 .debug_rnglists
                0x000000af       0x6d ./Application/User/FATFS/Target/bsp_driver_sd.o
 .debug_rnglists
                0x0000011c       0x32 ./Application/User/FATFS/Target/sd_diskio.o
 .debug_rnglists
                0x0000014e       0x19 ./Application/User/Startup/startup_stm32h747xihx.o
 .debug_rnglists
                0x00000167       0x1a ./Drivers/CMSIS/system_stm32h7xx_dualcore_boot_cm4_cm7.o
 .debug_rnglists
                0x00000181      0x181 ./Drivers/STM32H7xx_HAL_Driver/stm32h7xx_hal.o
 .debug_rnglists
                0x00000302       0xe0 ./Drivers/STM32H7xx_HAL_Driver/stm32h7xx_hal_cortex.o
 .debug_rnglists
                0x000003e2       0x3f ./Drivers/STM32H7xx_HAL_Driver/stm32h7xx_hal_gpio.o
 .debug_rnglists
                0x00000421       0x4f ./Drivers/STM32H7xx_HAL_Driver/stm32h7xx_hal_hsem.o
 .debug_rnglists
                0x00000470      0x117 ./Drivers/STM32H7xx_HAL_Driver/stm32h7xx_hal_pwr_ex.o
 .debug_rnglists
                0x00000587       0x68 ./Drivers/STM32H7xx_HAL_Driver/stm32h7xx_hal_rcc.o
 .debug_rnglists
                0x000005ef       0xc6 ./Drivers/STM32H7xx_HAL_Driver/stm32h7xx_hal_rcc_ex.o
 .debug_rnglists
                0x000006b5      0x128 ./Drivers/STM32H7xx_HAL_Driver/stm32h7xx_hal_sd.o
 .debug_rnglists
                0x000007dd      0x15e ./Drivers/STM32H7xx_HAL_Driver/stm32h7xx_ll_sdmmc.o
 .debug_rnglists
                0x0000093b       0x2c ./Middlewares/FatFs/ff_gen_drv.o

.debug_macro    0x00000000    0x3f82c
 .debug_macro   0x00000000      0x367 ./Application/User/Core/main.o
 .debug_macro   0x00000367      0xac0 ./Application/User/Core/main.o
 .debug_macro   0x00000e27      0x232 ./Application/User/Core/main.o
 .debug_macro   0x00001059       0x2e ./Application/User/Core/main.o
 .debug_macro   0x00001087       0x3b ./Application/User/Core/main.o
 .debug_macro   0x000010c2       0x22 ./Application/User/Core/main.o
 .debug_macro   0x000010e4       0x8e ./Application/User/Core/main.o
 .debug_macro   0x00001172       0x51 ./Application/User/Core/main.o
 .debug_macro   0x000011c3      0x103 ./Application/User/Core/main.o
 .debug_macro   0x000012c6       0x6a ./Application/User/Core/main.o
 .debug_macro   0x00001330      0x1df ./Application/User/Core/main.o
 .debug_macro   0x0000150f       0x1c ./Application/User/Core/main.o
 .debug_macro   0x0000152b       0x22 ./Application/User/Core/main.o
 .debug_macro   0x0000154d       0xfb ./Application/User/Core/main.o
 .debug_macro   0x00001648     0x1011 ./Application/User/Core/main.o
 .debug_macro   0x00002659      0x11f ./Application/User/Core/main.o
 .debug_macro   0x00002778    0x2ca15 ./Application/User/Core/main.o
 .debug_macro   0x0002f18d       0x6d ./Application/User/Core/main.o
 .debug_macro   0x0002f1fa     0x3d79 ./Application/User/Core/main.o
 .debug_macro   0x00032f73      0x189 ./Application/User/Core/main.o
 .debug_macro   0x000330fc       0x61 ./Application/User/Core/main.o
 .debug_macro   0x0003315d       0x2a ./Application/User/Core/main.o
 .debug_macro   0x00033187       0x43 ./Application/User/Core/main.o
 .debug_macro   0x000331ca       0x34 ./Application/User/Core/main.o
 .debug_macro   0x000331fe       0x16 ./Application/User/Core/main.o
 .debug_macro   0x00033214       0x43 ./Application/User/Core/main.o
 .debug_macro   0x00033257       0x34 ./Application/User/Core/main.o
 .debug_macro   0x0003328b       0x10 ./Application/User/Core/main.o
 .debug_macro   0x0003329b       0x58 ./Application/User/Core/main.o
 .debug_macro   0x000332f3       0x8e ./Application/User/Core/main.o
 .debug_macro   0x00033381       0x1c ./Application/User/Core/main.o
 .debug_macro   0x0003339d      0x177 ./Application/User/Core/main.o
 .debug_macro   0x00033514      0x369 ./Application/User/Core/main.o
 .debug_macro   0x0003387d      0x19b ./Application/User/Core/main.o
 .debug_macro   0x00033a18       0x5d ./Application/User/Core/main.o
 .debug_macro   0x00033a75     0x3ae3 ./Application/User/Core/main.o
 .debug_macro   0x00037558     0x1095 ./Application/User/Core/main.o
 .debug_macro   0x000385ed      0x154 ./Application/User/Core/main.o
 .debug_macro   0x00038741      0x130 ./Application/User/Core/main.o
 .debug_macro   0x00038871      0x3c9 ./Application/User/Core/main.o
 .debug_macro   0x00038c3a       0xac ./Application/User/Core/main.o
 .debug_macro   0x00038ce6      0x72d ./Application/User/Core/main.o
 .debug_macro   0x00039413      0x228 ./Application/User/Core/main.o
 .debug_macro   0x0003963b       0x66 ./Application/User/Core/main.o
 .debug_macro   0x000396a1      0x3c9 ./Application/User/Core/main.o
 .debug_macro   0x00039a6a      0x407 ./Application/User/Core/main.o
 .debug_macro   0x00039e71      0x244 ./Application/User/Core/main.o
 .debug_macro   0x0003a0b5      0x3ca ./Application/User/Core/main.o
 .debug_macro   0x0003a47f      0x4a2 ./Application/User/Core/main.o
 .debug_macro   0x0003a921       0x51 ./Application/User/Core/main.o
 .debug_macro   0x0003a972       0x4a ./Application/User/Core/main.o
 .debug_macro   0x0003a9bc      0x22c ./Application/User/Core/main.o
 .debug_macro   0x0003abe8       0x67 ./Application/User/Core/main.o
 .debug_macro   0x0003ac4f       0xa5 ./Application/User/Core/main.o
 .debug_macro   0x0003acf4      0x218 ./Application/User/Core/main.o
 .debug_macro   0x0003af0c      0x2ea ./Application/User/Core/main.o
 .debug_macro   0x0003b1f6       0x35 ./Application/User/Core/main.o
 .debug_macro   0x0003b22b      0xa0c ./Application/User/Core/main.o
 .debug_macro   0x0003bc37       0x16 ./Application/User/Core/main.o
 .debug_macro   0x0003bc4d      0x1ce ./Application/User/Core/main.o
 .debug_macro   0x0003be1b      0x7a4 ./Application/User/Core/main.o
 .debug_macro   0x0003c5bf       0x22 ./Application/User/Core/main.o
 .debug_macro   0x0003c5e1       0x1c ./Application/User/Core/main.o
 .debug_macro   0x0003c5fd       0x46 ./Application/User/Core/main.o
 .debug_macro   0x0003c643       0xe5 ./Application/User/Core/main.o
 .debug_macro   0x0003c728       0x16 ./Application/User/Core/main.o
 .debug_macro   0x0003c73e       0x35 ./Application/User/Core/main.o
 .debug_macro   0x0003c773       0x16 ./Application/User/Core/main.o
 .debug_macro   0x0003c789       0x29 ./Application/User/Core/main.o
 .debug_macro   0x0003c7b2       0x12 ./Application/User/Core/main.o
 .debug_macro   0x0003c7c4       0xe2 ./Application/User/Core/main.o
 .debug_macro   0x0003c8a6       0x8e ./Application/User/Core/main.o
 .debug_macro   0x0003c934      0x2c7 ./Application/User/Core/stm32h7xx_hal_msp.o
 .debug_macro   0x0003cbfb      0x2d1 ./Application/User/Core/stm32h7xx_it.o
 .debug_macro   0x0003cecc      0x35d ./Application/User/FATFS/App/fatfs.o
 .debug_macro   0x0003d229      0x2be ./Application/User/FATFS/Target/bsp_driver_sd.o
 .debug_macro   0x0003d4e7       0x40 ./Application/User/FATFS/Target/bsp_driver_sd.o
 .debug_macro   0x0003d527      0x364 ./Application/User/FATFS/Target/sd_diskio.o
 .debug_macro   0x0003d88b       0x16 ./Application/User/FATFS/Target/sd_diskio.o
 .debug_macro   0x0003d8a1       0x7c ./Application/User/FATFS/Target/sd_diskio.o
 .debug_macro   0x0003d91d      0x2b5 ./Drivers/CMSIS/system_stm32h7xx_dualcore_boot_cm4_cm7.o
 .debug_macro   0x0003dbd2      0x2d9 ./Drivers/STM32H7xx_HAL_Driver/stm32h7xx_hal.o
 .debug_macro   0x0003deab      0x2af ./Drivers/STM32H7xx_HAL_Driver/stm32h7xx_hal_cortex.o
 .debug_macro   0x0003e15a      0x2c3 ./Drivers/STM32H7xx_HAL_Driver/stm32h7xx_hal_gpio.o
 .debug_macro   0x0003e41d      0x2c1 ./Drivers/STM32H7xx_HAL_Driver/stm32h7xx_hal_hsem.o
 .debug_macro   0x0003e6de      0x2e8 ./Drivers/STM32H7xx_HAL_Driver/stm32h7xx_hal_pwr_ex.o
 .debug_macro   0x0003e9c6      0x2d3 ./Drivers/STM32H7xx_HAL_Driver/stm32h7xx_hal_rcc.o
 .debug_macro   0x0003ec99      0x2cd ./Drivers/STM32H7xx_HAL_Driver/stm32h7xx_hal_rcc_ex.o
 .debug_macro   0x0003ef66      0x2cc ./Drivers/STM32H7xx_HAL_Driver/stm32h7xx_hal_sd.o
 .debug_macro   0x0003f232      0x2b0 ./Drivers/STM32H7xx_HAL_Driver/stm32h7xx_ll_sdmmc.o
 .debug_macro   0x0003f4e2      0x34a ./Middlewares/FatFs/ff_gen_drv.o

.debug_line     0x00000000    0x1060b
 .debug_line    0x00000000      0xb09 ./Application/User/Core/main.o
 .debug_line    0x00000b09      0x9a7 ./Application/User/Core/stm32h7xx_hal_msp.o
 .debug_line    0x000014b0      0x9f3 ./Application/User/Core/stm32h7xx_it.o
 .debug_line    0x00001ea3      0xa11 ./Application/User/FATFS/App/fatfs.o
 .debug_line    0x000028b4      0xae1 ./Application/User/FATFS/Target/bsp_driver_sd.o
 .debug_line    0x00003395      0xb18 ./Application/User/FATFS/Target/sd_diskio.o
 .debug_line    0x00003ead       0x7a ./Application/User/Startup/startup_stm32h747xihx.o
 .debug_line    0x00003f27      0xa7c ./Drivers/CMSIS/system_stm32h7xx_dualcore_boot_cm4_cm7.o
 .debug_line    0x000049a3     0x1032 ./Drivers/STM32H7xx_HAL_Driver/stm32h7xx_hal.o
 .debug_line    0x000059d5      0xf0b ./Drivers/STM32H7xx_HAL_Driver/stm32h7xx_hal_cortex.o
 .debug_line    0x000068e0      0xdaa ./Drivers/STM32H7xx_HAL_Driver/stm32h7xx_hal_gpio.o
 .debug_line    0x0000768a      0xa98 ./Drivers/STM32H7xx_HAL_Driver/stm32h7xx_hal_hsem.o
 .debug_line    0x00008122     0x1110 ./Drivers/STM32H7xx_HAL_Driver/stm32h7xx_hal_pwr_ex.o
 .debug_line    0x00009232     0x14a0 ./Drivers/STM32H7xx_HAL_Driver/stm32h7xx_hal_rcc.o
 .debug_line    0x0000a6d2     0x1e87 ./Drivers/STM32H7xx_HAL_Driver/stm32h7xx_hal_rcc_ex.o
 .debug_line    0x0000c559     0x2290 ./Drivers/STM32H7xx_HAL_Driver/stm32h7xx_hal_sd.o
 .debug_line    0x0000e7e9     0x138c ./Drivers/STM32H7xx_HAL_Driver/stm32h7xx_ll_sdmmc.o
 .debug_line    0x0000fb75      0xa96 ./Middlewares/FatFs/ff_gen_drv.o

.debug_str      0x00000000   0x1939cc
 .debug_str     0x00000000   0x18f84e ./Application/User/Core/main.o
                             0x18fd87 (size before relaxing)
 .debug_str     0x0018f84e       0x83 ./Application/User/Core/stm32h7xx_hal_msp.o
                             0x18f391 (size before relaxing)
 .debug_str     0x0018f8d1       0xf0 ./Application/User/Core/stm32h7xx_it.o
                             0x18eaa5 (size before relaxing)
 .debug_str     0x0018f9c1      0x1e3 ./Application/User/FATFS/App/fatfs.o
                             0x18f458 (size before relaxing)
 .debug_str     0x0018fba4      0x266 ./Application/User/FATFS/Target/bsp_driver_sd.o
                             0x18f033 (size before relaxing)
 .debug_str     0x0018fe0a       0xcd ./Application/User/FATFS/Target/sd_diskio.o
                             0x18f496 (size before relaxing)
 .debug_str     0x0018fed7       0x50 ./Application/User/Startup/startup_stm32h747xihx.o
                                 0x8d (size before relaxing)
 .debug_str     0x0018ff27      0x118 ./Drivers/CMSIS/system_stm32h7xx_dualcore_boot_cm4_cm7.o
                             0x18ecbf (size before relaxing)
 .debug_str     0x0019003f     0x12b4 ./Drivers/STM32H7xx_HAL_Driver/stm32h7xx_hal.o
                             0x190012 (size before relaxing)
 .debug_str     0x001912f3      0x3bf ./Drivers/STM32H7xx_HAL_Driver/stm32h7xx_hal_cortex.o
                             0x18f798 (size before relaxing)
 .debug_str     0x001916b2      0x144 ./Drivers/STM32H7xx_HAL_Driver/stm32h7xx_hal_gpio.o
                             0x18eef7 (size before relaxing)
 .debug_str     0x001917f6      0x1c6 ./Drivers/STM32H7xx_HAL_Driver/stm32h7xx_hal_hsem.o
                             0x18eb82 (size before relaxing)
 .debug_str     0x001919bc      0x6c5 ./Drivers/STM32H7xx_HAL_Driver/stm32h7xx_hal_pwr_ex.o
                             0x18f34d (size before relaxing)
 .debug_str     0x00192081      0x529 ./Drivers/STM32H7xx_HAL_Driver/stm32h7xx_hal_rcc.o
                             0x18f278 (size before relaxing)
 .debug_str     0x001925aa      0x69c ./Drivers/STM32H7xx_HAL_Driver/stm32h7xx_hal_rcc_ex.o
                             0x18f7bf (size before relaxing)
 .debug_str     0x00192c46      0x962 ./Drivers/STM32H7xx_HAL_Driver/stm32h7xx_hal_sd.o
                             0x18f860 (size before relaxing)
 .debug_str     0x001935a8      0x347 ./Drivers/STM32H7xx_HAL_Driver/stm32h7xx_ll_sdmmc.o
                             0x18f0e6 (size before relaxing)
 .debug_str     0x001938ef       0xdd ./Middlewares/FatFs/ff_gen_drv.o
                             0x18f3c0 (size before relaxing)

.comment        0x00000000       0x43
 .comment       0x00000000       0x43 ./Application/User/Core/main.o
                                 0x44 (size before relaxing)
 .comment       0x00000043       0x44 ./Application/User/Core/stm32h7xx_hal_msp.o
 .comment       0x00000043       0x44 ./Application/User/Core/stm32h7xx_it.o
 .comment       0x00000043       0x44 ./Application/User/FATFS/App/fatfs.o
 .comment       0x00000043       0x44 ./Application/User/FATFS/Target/bsp_driver_sd.o
 .comment       0x00000043       0x44 ./Application/User/FATFS/Target/sd_diskio.o
 .comment       0x00000043       0x44 ./Drivers/CMSIS/system_stm32h7xx_dualcore_boot_cm4_cm7.o
 .comment       0x00000043       0x44 ./Drivers/STM32H7xx_HAL_Driver/stm32h7xx_hal.o
 .comment       0x00000043       0x44 ./Drivers/STM32H7xx_HAL_Driver/stm32h7xx_hal_cortex.o
 .comment       0x00000043       0x44 ./Drivers/STM32H7xx_HAL_Driver/stm32h7xx_hal_gpio.o
 .comment       0x00000043       0x44 ./Drivers/STM32H7xx_HAL_Driver/stm32h7xx_hal_hsem.o
 .comment       0x00000043       0x44 ./Drivers/STM32H7xx_HAL_Driver/stm32h7xx_hal_pwr_ex.o
 .comment       0x00000043       0x44 ./Drivers/STM32H7xx_HAL_Driver/stm32h7xx_hal_rcc.o
 .comment       0x00000043       0x44 ./Drivers/STM32H7xx_HAL_Driver/stm32h7xx_hal_rcc_ex.o
 .comment       0x00000043       0x44 ./Drivers/STM32H7xx_HAL_Driver/stm32h7xx_hal_sd.o
 .comment       0x00000043       0x44 ./Drivers/STM32H7xx_HAL_Driver/stm32h7xx_ll_sdmmc.o
 .comment       0x00000043       0x44 ./Middlewares/FatFs/ff_gen_drv.o

.debug_frame    0x00000000     0x3238
 .debug_frame   0x00000000       0xd4 ./Application/User/Core/main.o
 .debug_frame   0x000000d4       0x84 ./Application/User/Core/stm32h7xx_hal_msp.o
 .debug_frame   0x00000158      0x104 ./Application/User/Core/stm32h7xx_it.o
 .debug_frame   0x0000025c       0x4c ./Application/User/FATFS/App/fatfs.o
 .debug_frame   0x000002a8      0x23c ./Application/User/FATFS/Target/bsp_driver_sd.o
 .debug_frame   0x000004e4       0xe8 ./Application/User/FATFS/Target/sd_diskio.o
 .debug_frame   0x000005cc       0x58 ./Drivers/CMSIS/system_stm32h7xx_dualcore_boot_cm4_cm7.o
 .debug_frame   0x00000624      0x848 ./Drivers/STM32H7xx_HAL_Driver/stm32h7xx_hal.o
 .debug_frame   0x00000e6c      0x508 ./Drivers/STM32H7xx_HAL_Driver/stm32h7xx_hal_cortex.o
 .debug_frame   0x00001374      0x14c ./Drivers/STM32H7xx_HAL_Driver/stm32h7xx_hal_gpio.o
 .debug_frame   0x000014c0      0x1bc ./Drivers/STM32H7xx_HAL_Driver/stm32h7xx_hal_hsem.o
 .debug_frame   0x0000167c      0x5ec ./Drivers/STM32H7xx_HAL_Driver/stm32h7xx_hal_pwr_ex.o
 .debug_frame   0x00001c68      0x1f8 ./Drivers/STM32H7xx_HAL_Driver/stm32h7xx_hal_rcc.o
 .debug_frame   0x00001e60      0x43c ./Drivers/STM32H7xx_HAL_Driver/stm32h7xx_hal_rcc_ex.o
 .debug_frame   0x0000229c      0x670 ./Drivers/STM32H7xx_HAL_Driver/stm32h7xx_hal_sd.o
 .debug_frame   0x0000290c      0x818 ./Drivers/STM32H7xx_HAL_Driver/stm32h7xx_ll_sdmmc.o
 .debug_frame   0x00003124       0xc8 ./Middlewares/FatFs/ff_gen_drv.o
 .debug_frame   0x000031ec       0x20 C:/ST/STM32CubeIDE_1.17.0/STM32CubeIDE/plugins/com.st.stm32cube.ide.mcu.externaltools.gnu-tools-for-stm32.12.3.rel1.win32_1.1.0.202410251130/tools/bin/../lib/gcc/arm-none-eabi/12.3.1/../../../../arm-none-eabi/lib/thumb/v7e-m+fp/hard\libc_nano.a(libc_a-memset.o)
 .debug_frame   0x0000320c       0x2c C:/ST/STM32CubeIDE_1.17.0/STM32CubeIDE/plugins/com.st.stm32cube.ide.mcu.externaltools.gnu-tools-for-stm32.12.3.rel1.win32_1.1.0.202410251130/tools/bin/../lib/gcc/arm-none-eabi/12.3.1/../../../../arm-none-eabi/lib/thumb/v7e-m+fp/hard\libc_nano.a(libc_a-init.o)

.debug_line_str
                0x00000000       0x71
 .debug_line_str
                0x00000000       0x71 ./Application/User/Startup/startup_stm32h747xihx.o
