../../CM7/../../CM7/TouchGFX/generated/fonts/include/fonts/ApplicationFontProvider.hpp:35:7:ApplicationFontProvider::~ApplicationFontProvider()	0	static
C:/Users/junseok/Desktop/formula_dashboard/CM7/TouchGFX/generated/fonts/src/ApplicationFontProvider.cpp:8:17:virtual touchgfx::Font* ApplicationFontProvider::getFont(touchgfx::FontId)	8	static
../../CM7/../../CM7/TouchGFX/generated/fonts/include/fonts/ApplicationFontProvider.hpp:35:7:virtual ApplicationFontProvider::~ApplicationFontProvider()	8	static
