C:/Users/junseok/Desktop/formula_dashboard/CM7/Core/Src/main.c:1138:13:TouchGFX_Task	1
C:/Users/junseok/Desktop/formula_dashboard/CM7/Core/Src/main.c:1156:6:Start_Gear_detect	20
C:/Users/junseok/Desktop/formula_dashboard/CM7/Core/Src/main.c:301:6:SystemClock_Config	4
C:/Users/junseok/Desktop/formula_dashboard/CM7/Core/Src/main.c:362:6:PeriphCommonClock_Config	2
C:/Users/junseok/Desktop/formula_dashboard/CM7/Core/Src/main.c:149:5:main	38
C:/Users/junseok/Desktop/formula_dashboard/CM7/Core/Src/main.c:1343:6:HAL_TIM_PeriodElapsedCallback	2
C:/Users/junseok/Desktop/formula_dashboard/CM7/Core/Src/main.c:1360:6:Error_Handler	1
