C:/Users/junseok/Desktop/formula_dashboard/CM7/Core/Src/main.c:1138:13:TouchGFX_Task	8	static
C:/Users/junseok/Desktop/formula_dashboard/CM7/Core/Src/main.c:1156:6:Start_Gear_detect	32	static
C:/Users/junseok/Desktop/formula_dashboard/CM7/Core/Src/main.c:301:6:SystemClock_Config	128	static,ignoring_inline_asm
C:/Users/junseok/Desktop/formula_dashboard/CM7/Core/Src/main.c:362:6:PeriphCommonClock_Config	208	static,ignoring_inline_asm
C:/Users/junseok/Desktop/formula_dashboard/CM7/Core/Src/main.c:149:5:main	280	static,ignoring_inline_asm
C:/Users/junseok/Desktop/formula_dashboard/CM7/Core/Src/main.c:1343:6:HAL_TIM_PeriodElapsedCallback	0	static
C:/Users/junseok/Desktop/formula_dashboard/CM7/Core/Src/main.c:1360:6:Error_Handler	0	static,ignoring_inline_asm
