C:/Users/junseok/Desktop/formula_dashboard/CM7/Core/Src/stm32h7xx_hal_msp.c:67:6:HAL_MspInit	8	static
C:/Users/junseok/Desktop/formula_dashboard/CM7/Core/Src/stm32h7xx_hal_msp.c:93:6:HAL_ADC_MspInit	32	static
C:/Users/junseok/Desktop/formula_dashboard/CM7/Core/Src/stm32h7xx_hal_msp.c:166:6:HAL_ADC_MspDeInit	0	static
C:/Users/junseok/Desktop/formula_dashboard/CM7/Core/Src/stm32h7xx_hal_msp.c:236:6:HAL_CRC_MspInit	8	static
C:/Users/junseok/Desktop/formula_dashboard/CM7/Core/Src/stm32h7xx_hal_msp.c:259:6:HAL_CRC_MspDeInit	0	static
C:/Users/junseok/Desktop/formula_dashboard/CM7/Core/Src/stm32h7xx_hal_msp.c:281:6:HAL_DMA2D_MspInit	16	static
C:/Users/junseok/Desktop/formula_dashboard/CM7/Core/Src/stm32h7xx_hal_msp.c:307:6:HAL_DMA2D_MspDeInit	0	static
C:/Users/junseok/Desktop/formula_dashboard/CM7/Core/Src/stm32h7xx_hal_msp.c:332:6:HAL_DSI_MspInit	240	static
C:/Users/junseok/Desktop/formula_dashboard/CM7/Core/Src/stm32h7xx_hal_msp.c:388:6:HAL_DSI_MspDeInit	8	static
C:/Users/junseok/Desktop/formula_dashboard/CM7/Core/Src/stm32h7xx_hal_msp.c:424:6:HAL_JPEG_MspInit	24	static
C:/Users/junseok/Desktop/formula_dashboard/CM7/Core/Src/stm32h7xx_hal_msp.c:508:6:HAL_JPEG_MspDeInit	8	static
C:/Users/junseok/Desktop/formula_dashboard/CM7/Core/Src/stm32h7xx_hal_msp.c:537:6:HAL_LTDC_MspInit	216	static
C:/Users/junseok/Desktop/formula_dashboard/CM7/Core/Src/stm32h7xx_hal_msp.c:581:6:HAL_LTDC_MspDeInit	0	static
C:/Users/junseok/Desktop/formula_dashboard/CM7/Core/Src/stm32h7xx_hal_msp.c:606:6:HAL_QSPI_MspInit	272	static
C:/Users/junseok/Desktop/formula_dashboard/CM7/Core/Src/stm32h7xx_hal_msp.c:708:6:HAL_QSPI_MspDeInit	8	static
C:/Users/junseok/Desktop/formula_dashboard/CM7/Core/Src/stm32h7xx_hal_msp.c:753:6:HAL_TIM_IC_MspInit	40	static
C:/Users/junseok/Desktop/formula_dashboard/CM7/Core/Src/stm32h7xx_hal_msp.c:792:6:HAL_TIM_IC_MspDeInit	8	static
C:/Users/junseok/Desktop/formula_dashboard/CM7/Core/Src/stm32h7xx_hal_msp.c:969:6:HAL_SDRAM_MspInit	248	static
C:/Users/junseok/Desktop/formula_dashboard/CM7/Core/Src/stm32h7xx_hal_msp.c:1080:6:HAL_SDRAM_MspDeInit	8	static
